Processing sound_node_volvo (platform: espressif32@6.7.0; board: esp32dev; framework: arduino)
--------------------------------------------------------------------------------
Verbose mode can be enabled via `-v, --verbose` option
CONFIGURATION: https://docs.platformio.org/page/boards/espressif32/esp32dev.html
PLATFORM: Espressif 32 (6.7.0) > Espressif ESP32 Dev Module
HARDWARE: ESP32 240MHz, 320KB RAM, 4MB Flash
DEBUG: Current (cmsis-dap) External (cmsis-dap, esp-bridge, esp-prog, iot-bus-jtag, jlink, minimodule, olimex-arm-usb-ocd, olimex-arm-usb-ocd-h, olimex-arm-usb-tiny-h, olimex-jtag-tiny, tumpa)
PACKAGES: 
 - framework-arduinoespressif32 @ 3.20016.0 (2.0.16) 
 - tool-esptoolpy @ 1.40501.0 (4.5.1) 
 - toolchain-xtensa-esp32 @ 8.4.0+2021r2-patch5
LDF: Library Dependency Finder -> https://bit.ly/configure-pio-ldf
LDF Modes: Finder ~ chain, Compatibility ~ soft
Found 42 compatible libraries
Scanning dependencies...
Dependency Graph
|-- PS4_Controller_Host @ 1.1.1+sha.b58a05d
|-- common_defs @ 0.0.0+20260315170202.sha.45b8759
|-- PwmBroker @ 1.0.0+sha.ae043d5
|-- DcMotorCore @ 1.0.0+sha.b23fa87
|-- ServoCore @ 0.1.0+sha.93bbcad
|-- Tone32 @ 1.0.0+sha.3e92d7f
|-- FastLED @ 3.3.3
|-- statusLED @ 1.0.0-fork
Building in release mode
Linking C:\Users\Arnaud\AppData\Local\Temp\PlatformIO\build\Open_Node_RC_Core\sound_node_volvo\firmware.elf
pio.exe : c:/users/arnaud/.platformio/packages/toolchain-xtensa-esp32@8.4.0+202
1r2-patch5/bin/../lib/gcc/xtensa-esp32-elf/8.4.0/../../../../xtensa-esp32-elf/b
in/ld.exe: C:/Users/Arnaud/AppData/Local/Temp/PlatformIO/build/Open_Node_RC_Cor
e/sound_node_volvo/src/sound_module/init/sound_init.cpp.o: in function 
`sound_init()':
Au caractère Ligne:1 : 1
+ & "C:\Users\Arnaud\.platformio\penv\Scripts\pio.exe" run -e sound_nod ...
+ ~~~~~~~~~~~~~~~~~~~~~~~~~~~~~~~~~~~~~~~~~~~~~~~~~~~~~~~~~~~~~~~~~~~~~
    + CategoryInfo          : NotSpecified: (c:/users/arnaud...`sound_init()': 
   :String) [], RemoteException
    + FullyQualifiedErrorId : NativeCommandError
 
C:\Users\Arnaud\Documents\Mod\xe8lisme\RC chantier\Code RC\Open Node RC 
Core/src/sound_module/init/sound_init.cpp:95: undefined reference to 
`dashboard_push_log(char const*)'
c:/users/arnaud/.platformio/packages/toolchain-xtensa-esp32@8.4.0+2021r2-patch5
/bin/../lib/gcc/xtensa-esp32-elf/8.4.0/../../../../xtensa-esp32-elf/bin/ld.exe:
 C:\Users\Arnaud\Documents\Mod\xe8lisme\RC chantier\Code RC\Open Node RC 
Core/src/sound_module/init/sound_init.cpp:107: undefined reference to 
`dashboard_serial_trylock()'
c:/users/arnaud/.platformio/packages/toolchain-xtensa-esp32@8.4.0+2021r2-patch5
/bin/../lib/gcc/xtensa-esp32-elf/8.4.0/../../../../xtensa-esp32-elf/bin/ld.exe:
 C:\Users\Arnaud\Documents\Mod\xe8lisme\RC chantier\Code RC\Open Node RC 
Core/src/sound_module/init/sound_init.cpp:108: undefined reference to 
`dashboard_serial_unlock()'
c:/users/arnaud/.platformio/packages/toolchain-xtensa-esp32@8.4.0+2021r2-patch5
/bin/../lib/gcc/xtensa-esp32-elf/8.4.0/../../../../xtensa-esp32-elf/bin/ld.exe:
 C:/Users/Arnaud/AppData/Local/Temp/PlatformIO/build/Open_Node_RC_Core/sound_no
de_volvo/src/core/system/combus/combus.cpp.o:(.literal._Z11combus_inithhh+0xc):
 undefined reference to `dashboard_push_log(char const*)'
c:/users/arnaud/.platformio/packages/toolchain-xtensa-esp32@8.4.0+2021r2-patch5
/bin/../lib/gcc/xtensa-esp32-elf/8.4.0/../../../../xtensa-esp32-elf/bin/ld.exe:
 C:/Users/Arnaud/AppData/Local/Temp/PlatformIO/build/Open_Node_RC_Core/sound_no
de_volvo/src/core/system/combus/combus.cpp.o:(.literal._Z11combus_inithhh+0x10)
: undefined reference to `dashboard_serial_trylock()'
c:/users/arnaud/.platformio/packages/toolchain-xtensa-esp32@8.4.0+2021r2-patch5
/bin/../lib/gcc/xtensa-esp32-elf/8.4.0/../../../../xtensa-esp32-elf/bin/ld.exe:
 C:/Users/Arnaud/AppData/Local/Temp/PlatformIO/build/Open_Node_RC_Core/sound_no
de_volvo/src/core/system/combus/combus.cpp.o:(.literal._Z11combus_inithhh+0x14)
: undefined reference to `dashboard_serial_unlock()'
c:/users/arnaud/.platformio/packages/toolchain-xtensa-esp32@8.4.0+2021r2-patch5
/bin/../lib/gcc/xtensa-esp32-elf/8.4.0/../../../../xtensa-esp32-elf/bin/ld.exe:
 C:/Users/Arnaud/AppData/Local/Temp/PlatformIO/build/Open_Node_RC_Core/sound_no
de_volvo/src/core/system/combus/combus.cpp.o: in function `void 
log_impl<(unsigned char)3, true, unsigned char, unsigned char, unsigned 
char>(char const*, unsigned char, unsigned char, unsigned char)':
C:\Users\Arnaud\Documents\Mod\xe8lisme\RC chantier\Code RC\Open Node RC 
Core/src/core/system/debug/debug.h:189: undefined reference to 
`dashboard_push_log(char const*)'
c:/users/arnaud/.platformio/packages/toolchain-xtensa-esp32@8.4.0+2021r2-patch5
/bin/../lib/gcc/xtensa-esp32-elf/8.4.0/../../../../xtensa-esp32-elf/bin/ld.exe:
 C:/Users/Arnaud/AppData/Local/Temp/PlatformIO/build/Open_Node_RC_Core/sound_no
de_volvo/src/core/system/combus/combus.cpp.o: in function `_dash_push_log(char 
const*)':
C:\Users\Arnaud\Documents\Mod\xe8lisme\RC chantier\Code RC\Open Node RC 
Core/src/core/system/debug/debug.h:147: undefined reference to 
`dashboard_serial_trylock()'
c:/users/arnaud/.platformio/packages/toolchain-xtensa-esp32@8.4.0+2021r2-patch5
/bin/../lib/gcc/xtensa-esp32-elf/8.4.0/../../../../xtensa-esp32-elf/bin/ld.exe:
 C:/Users/Arnaud/AppData/Local/Temp/PlatformIO/build/Open_Node_RC_Core/sound_no
de_volvo/src/core/system/combus/combus.cpp.o: in function `void 
log_impl<(unsigned char)3, true, unsigned char, unsigned char, unsigned 
char>(char const*, unsigned char, unsigned char, unsigned char)':
C:\Users\Arnaud\Documents\Mod\xe8lisme\RC chantier\Code RC\Open Node RC 
Core/src/core/system/debug/debug.h:200: undefined reference to 
`dashboard_serial_unlock()'
c:/users/arnaud/.platformio/packages/toolchain-xtensa-esp32@8.4.0+2021r2-patch5
/bin/../lib/gcc/xtensa-esp32-elf/8.4.0/../../../../xtensa-esp32-elf/bin/ld.exe:
 C:/Users/Arnaud/AppData/Local/Temp/PlatformIO/build/Open_Node_RC_Core/sound_no
de_volvo/src/core/system/combus/protocol/combus_rx.cpp.o: in function `void 
log_impl<(unsigned char)3, true, char const*, unsigned int, unsigned int>(char 
const*, char const*, unsigned int, unsigned int)':
C:\Users\Arnaud\Documents\Mod\xe8lisme\RC chantier\Code RC\Open Node RC 
Core/src/core/system/debug/debug.h:189: undefined reference to 
`dashboard_push_log(char const*)'
c:/users/arnaud/.platformio/packages/toolchain-xtensa-esp32@8.4.0+2021r2-patch5
/bin/../lib/gcc/xtensa-esp32-elf/8.4.0/../../../../xtensa-esp32-elf/bin/ld.exe:
 C:/Users/Arnaud/AppData/Local/Temp/PlatformIO/build/Open_Node_RC_Core/sound_no
de_volvo/src/core/system/combus/protocol/combus_rx.cpp.o: in function 
`_dash_push_log(char const*)':
C:\Users\Arnaud\Documents\Mod\xe8lisme\RC chantier\Code RC\Open Node RC 
Core/src/core/system/debug/debug.h:147: undefined reference to 
`dashboard_serial_trylock()'
c:/users/arnaud/.platformio/packages/toolchain-xtensa-esp32@8.4.0+2021r2-patch5
/bin/../lib/gcc/xtensa-esp32-elf/8.4.0/../../../../xtensa-esp32-elf/bin/ld.exe:
 C:/Users/Arnaud/AppData/Local/Temp/PlatformIO/build/Open_Node_RC_Core/sound_no
de_volvo/src/core/system/combus/protocol/combus_rx.cpp.o: in function `void 
log_impl<(unsigned char)3, true, char const*, unsigned int, unsigned int>(char 
const*, char const*, unsigned int, unsigned int)':
C:\Users\Arnaud\Documents\Mod\xe8lisme\RC chantier\Code RC\Open Node RC 
Core/src/core/system/debug/debug.h:200: undefined reference to 
`dashboard_serial_unlock()'
c:/users/arnaud/.platformio/packages/toolchain-xtensa-esp32@8.4.0+2021r2-patch5
/bin/../lib/gcc/xtensa-esp32-elf/8.4.0/../../../../xtensa-esp32-elf/bin/ld.exe:
 C:/Users/Arnaud/AppData/Local/Temp/PlatformIO/build/Open_Node_RC_Core/sound_no
de_volvo/src/core/system/hw/dev/srv_dev.cpp.o: in function `void 
log_impl<(unsigned char)1, true, signed char, float, float>(char const*, 
signed char, float, float)':
C:\Users\Arnaud\Documents\Mod\xe8lisme\RC chantier\Code RC\Open Node RC 
Core/src/core/system/debug/debug.h:189: undefined reference to 
`dashboard_push_log(char const*)'
c:/users/arnaud/.platformio/packages/toolchain-xtensa-esp32@8.4.0+2021r2-patch5
/bin/../lib/gcc/xtensa-esp32-elf/8.4.0/../../../../xtensa-esp32-elf/bin/ld.exe:
 C:/Users/Arnaud/AppData/Local/Temp/PlatformIO/build/Open_Node_RC_Core/sound_no
de_volvo/src/core/system/hw/dev/srv_dev.cpp.o: in function 
`_dash_push_log(char const*)':
C:\Users\Arnaud\Documents\Mod\xe8lisme\RC chantier\Code RC\Open Node RC 
Core/src/core/system/debug/debug.h:147: undefined reference to 
`dashboard_serial_trylock()'
c:/users/arnaud/.platformio/packages/toolchain-xtensa-esp32@8.4.0+2021r2-patch5
/bin/../lib/gcc/xtensa-esp32-elf/8.4.0/../../../../xtensa-esp32-elf/bin/ld.exe:
 C:/Users/Arnaud/AppData/Local/Temp/PlatformIO/build/Open_Node_RC_Core/sound_no
de_volvo/src/core/system/hw/dev/srv_dev.cpp.o: in function `void 
log_impl<(unsigned char)1, true, signed char, float, float>(char const*, 
signed char, float, float)':
C:\Users\Arnaud\Documents\Mod\xe8lisme\RC chantier\Code RC\Open Node RC 
Core/src/core/system/debug/debug.h:200: undefined reference to 
`dashboard_serial_unlock()'
c:/users/arnaud/.platformio/packages/toolchain-xtensa-esp32@8.4.0+2021r2-patch5
/bin/../lib/gcc/xtensa-esp32-elf/8.4.0/../../../../xtensa-esp32-elf/bin/ld.exe:
 C:/Users/Arnaud/AppData/Local/Temp/PlatformIO/build/Open_Node_RC_Core/sound_no
de_volvo/src/core/system/hw/dev/srv_dev.cpp.o: in function `void 
log_impl<(unsigned char)1, true, signed char, unsigned short, unsigned 
short>(char const*, signed char, unsigned short, unsigned short)':
C:\Users\Arnaud\Documents\Mod\xe8lisme\RC chantier\Code RC\Open Node RC 
Core/src/core/system/debug/debug.h:189: undefined reference to 
`dashboard_push_log(char const*)'
c:/users/arnaud/.platformio/packages/toolchain-xtensa-esp32@8.4.0+2021r2-patch5
/bin/../lib/gcc/xtensa-esp32-elf/8.4.0/../../../../xtensa-esp32-elf/bin/ld.exe:
 C:/Users/Arnaud/AppData/Local/Temp/PlatformIO/build/Open_Node_RC_Core/sound_no
de_volvo/src/core/system/hw/dev/srv_dev.cpp.o: in function 
`_dash_push_log(char const*)':
C:\Users\Arnaud\Documents\Mod\xe8lisme\RC chantier\Code RC\Open Node RC 
Core/src/core/system/debug/debug.h:147: undefined reference to 
`dashboard_serial_trylock()'
c:/users/arnaud/.platformio/packages/toolchain-xtensa-esp32@8.4.0+2021r2-patch5
/bin/../lib/gcc/xtensa-esp32-elf/8.4.0/../../../../xtensa-esp32-elf/bin/ld.exe:
 C:/Users/Arnaud/AppData/Local/Temp/PlatformIO/build/Open_Node_RC_Core/sound_no
de_volvo/src/core/system/hw/dev/srv_dev.cpp.o: in function `void 
log_impl<(unsigned char)1, true, signed char, unsigned short, unsigned 
short>(char const*, signed char, unsigned short, unsigned short)':
C:\Users\Arnaud\Documents\Mod\xe8lisme\RC chantier\Code RC\Open Node RC 
Core/src/core/system/debug/debug.h:200: undefined reference to 
`dashboard_serial_unlock()'
c:/users/arnaud/.platformio/packages/toolchain-xtensa-esp32@8.4.0+2021r2-patch5
/bin/../lib/gcc/xtensa-esp32-elf/8.4.0/../../../../xtensa-esp32-elf/bin/ld.exe:
 C:/Users/Arnaud/AppData/Local/Temp/PlatformIO/build/Open_Node_RC_Core/sound_no
de_volvo/src/core/system/hw/dev/srv_dev.cpp.o: in function `void 
log_impl<(unsigned char)1, true, int, signed char>(char const*, int, signed 
char)':
C:\Users\Arnaud\Documents\Mod\xe8lisme\RC chantier\Code RC\Open Node RC 
Core/src/core/system/debug/debug.h:189: undefined reference to 
`dashboard_push_log(char const*)'
c:/users/arnaud/.platformio/packages/toolchain-xtensa-esp32@8.4.0+2021r2-patch5
/bin/../lib/gcc/xtensa-esp32-elf/8.4.0/../../../../xtensa-esp32-elf/bin/ld.exe:
 C:/Users/Arnaud/AppData/Local/Temp/PlatformIO/build/Open_Node_RC_Core/sound_no
de_volvo/src/core/system/hw/dev/srv_dev.cpp.o: in function 
`_dash_push_log(char const*)':
C:\Users\Arnaud\Documents\Mod\xe8lisme\RC chantier\Code RC\Open Node RC 
Core/src/core/system/debug/debug.h:147: undefined reference to 
`dashboard_serial_trylock()'
c:/users/arnaud/.platformio/packages/toolchain-xtensa-esp32@8.4.0+2021r2-patch5
/bin/../lib/gcc/xtensa-esp32-elf/8.4.0/../../../../xtensa-esp32-elf/bin/ld.exe:
 C:/Users/Arnaud/AppData/Local/Temp/PlatformIO/build/Open_Node_RC_Core/sound_no
de_volvo/src/core/system/hw/dev/srv_dev.cpp.o: in function `void 
log_impl<(unsigned char)1, true, int, signed char>(char const*, int, signed 
char)':
C:\Users\Arnaud\Documents\Mod\xe8lisme\RC chantier\Code RC\Open Node RC 
Core/src/core/system/debug/debug.h:200: undefined reference to 
`dashboard_serial_unlock()'
c:/users/arnaud/.platformio/packages/toolchain-xtensa-esp32@8.4.0+2021r2-patch5
/bin/../lib/gcc/xtensa-esp32-elf/8.4.0/../../../../xtensa-esp32-elf/bin/ld.exe:
 C:/Users/Arnaud/AppData/Local/Temp/PlatformIO/build/Open_Node_RC_Core/sound_no
de_volvo/src/core/system/hw/dev/srv_dev.cpp.o: in function 
`_dash_push_log(char const*)':
C:\Users\Arnaud\Documents\Mod\xe8lisme\RC chantier\Code RC\Open Node RC 
Core/src/core/system/debug/debug.h:147: undefined reference to 
`dashboard_push_log(char const*)'
c:/users/arnaud/.platformio/packages/toolchain-xtensa-esp32@8.4.0+2021r2-patch5
/bin/../lib/gcc/xtensa-esp32-elf/8.4.0/../../../../xtensa-esp32-elf/bin/ld.exe:
 C:/Users/Arnaud/AppData/Local/Temp/PlatformIO/build/Open_Node_RC_Core/sound_no
de_volvo/src/core/system/hw/dev/srv_dev.cpp.o: in function 
`_dash_serial_trylock()':
C:\Users\Arnaud\Documents\Mod\xe8lisme\RC chantier\Code RC\Open Node RC 
Core/src/core/system/debug/debug.h:155: undefined reference to 
`dashboard_serial_trylock()'
c:/users/arnaud/.platformio/packages/toolchain-xtensa-esp32@8.4.0+2021r2-patch5
/bin/../lib/gcc/xtensa-esp32-elf/8.4.0/../../../../xtensa-esp32-elf/bin/ld.exe:
 C:/Users/Arnaud/AppData/Local/Temp/PlatformIO/build/Open_Node_RC_Core/sound_no
de_volvo/src/core/system/hw/dev/srv_dev.cpp.o: in function 
`_dash_serial_unlock()':
C:\Users\Arnaud\Documents\Mod\xe8lisme\RC chantier\Code RC\Open Node RC 
Core/src/core/system/debug/debug.h:162: undefined reference to 
`dashboard_serial_unlock()'
c:/users/arnaud/.platformio/packages/toolchain-xtensa-esp32@8.4.0+2021r2-patch5
/bin/../lib/gcc/xtensa-esp32-elf/8.4.0/../../../../xtensa-esp32-elf/bin/ld.exe:
 C:/Users/Arnaud/AppData/Local/Temp/PlatformIO/build/Open_Node_RC_Core/sound_no
de_volvo/src/core/system/hw/dev/srv_dev.cpp.o: in function 
`_dash_push_log(char const*)':
C:\Users\Arnaud\Documents\Mod\xe8lisme\RC chantier\Code RC\Open Node RC 
Core/src/core/system/debug/debug.h:147: undefined reference to 
`dashboard_push_log(char const*)'
c:/users/arnaud/.platformio/packages/toolchain-xtensa-esp32@8.4.0+2021r2-patch5
/bin/../lib/gcc/xtensa-esp32-elf/8.4.0/../../../../xtensa-esp32-elf/bin/ld.exe:
 C:/Users/Arnaud/AppData/Local/Temp/PlatformIO/build/Open_Node_RC_Core/sound_no
de_volvo/src/core/system/hw/dev/srv_dev.cpp.o: in function 
`_dash_serial_trylock()':
C:\Users\Arnaud\Documents\Mod\xe8lisme\RC chantier\Code RC\Open Node RC 
Core/src/core/system/debug/debug.h:155: undefined reference to 
`dashboard_serial_trylock()'
c:/users/arnaud/.platformio/packages/toolchain-xtensa-esp32@8.4.0+2021r2-patch5
/bin/../lib/gcc/xtensa-esp32-elf/8.4.0/../../../../xtensa-esp32-elf/bin/ld.exe:
 C:/Users/Arnaud/AppData/Local/Temp/PlatformIO/build/Open_Node_RC_Core/sound_no
de_volvo/src/core/system/hw/dev/srv_dev.cpp.o: in function 
`_dash_serial_unlock()':
C:\Users\Arnaud\Documents\Mod\xe8lisme\RC chantier\Code RC\Open Node RC 
Core/src/core/system/debug/debug.h:162: undefined reference to 
`dashboard_serial_unlock()'
c:/users/arnaud/.platformio/packages/toolchain-xtensa-esp32@8.4.0+2021r2-patch5
/bin/../lib/gcc/xtensa-esp32-elf/8.4.0/../../../../xtensa-esp32-elf/bin/ld.exe:
 C:/Users/Arnaud/AppData/Local/Temp/PlatformIO/build/Open_Node_RC_Core/sound_no
de_volvo/src/core/system/hw/dev/srv_dev.cpp.o: in function 
`_dash_push_log(char const*)':
C:\Users\Arnaud\Documents\Mod\xe8lisme\RC chantier\Code RC\Open Node RC 
Core/src/core/system/debug/debug.h:147: undefined reference to 
`dashboard_push_log(char const*)'
c:/users/arnaud/.platformio/packages/toolchain-xtensa-esp32@8.4.0+2021r2-patch5
/bin/../lib/gcc/xtensa-esp32-elf/8.4.0/../../../../xtensa-esp32-elf/bin/ld.exe:
 C:/Users/Arnaud/AppData/Local/Temp/PlatformIO/build/Open_Node_RC_Core/sound_no
de_volvo/src/core/system/hw/dev/srv_dev.cpp.o: in function 
`_dash_serial_trylock()':
C:\Users\Arnaud\Documents\Mod\xe8lisme\RC chantier\Code RC\Open Node RC 
Core/src/core/system/debug/debug.h:155: undefined reference to 
`dashboard_serial_trylock()'
c:/users/arnaud/.platformio/packages/toolchain-xtensa-esp32@8.4.0+2021r2-patch5
/bin/../lib/gcc/xtensa-esp32-elf/8.4.0/../../../../xtensa-esp32-elf/bin/ld.exe:
 C:/Users/Arnaud/AppData/Local/Temp/PlatformIO/build/Open_Node_RC_Core/sound_no
de_volvo/src/core/system/hw/dev/srv_dev.cpp.o: in function 
`_dash_serial_unlock()':
C:\Users\Arnaud\Documents\Mod\xe8lisme\RC chantier\Code RC\Open Node RC 
Core/src/core/system/debug/debug.h:162: undefined reference to 
`dashboard_serial_unlock()'
c:/users/arnaud/.platformio/packages/toolchain-xtensa-esp32@8.4.0+2021r2-patch5
/bin/../lib/gcc/xtensa-esp32-elf/8.4.0/../../../../xtensa-esp32-elf/bin/ld.exe:
 C:/Users/Arnaud/AppData/Local/Temp/PlatformIO/build/Open_Node_RC_Core/sound_no
de_volvo/src/core/system/hw/dev/srv_dev.cpp.o: in function 
`_dash_push_log(char const*)':
C:\Users\Arnaud\Documents\Mod\xe8lisme\RC chantier\Code RC\Open Node RC 
Core/src/core/system/debug/debug.h:147: undefined reference to 
`dashboard_push_log(char const*)'
c:/users/arnaud/.platformio/packages/toolchain-xtensa-esp32@8.4.0+2021r2-patch5
/bin/../lib/gcc/xtensa-esp32-elf/8.4.0/../../../../xtensa-esp32-elf/bin/ld.exe:
 C:/Users/Arnaud/AppData/Local/Temp/PlatformIO/build/Open_Node_RC_Core/sound_no
de_volvo/src/core/system/hw/dev/srv_dev.cpp.o: in function 
`_dash_serial_trylock()':
C:\Users\Arnaud\Documents\Mod\xe8lisme\RC chantier\Code RC\Open Node RC 
Core/src/core/system/debug/debug.h:155: undefined reference to 
`dashboard_serial_trylock()'
c:/users/arnaud/.platformio/packages/toolchain-xtensa-esp32@8.4.0+2021r2-patch5
/bin/../lib/gcc/xtensa-esp32-elf/8.4.0/../../../../xtensa-esp32-elf/bin/ld.exe:
 C:/Users/Arnaud/AppData/Local/Temp/PlatformIO/build/Open_Node_RC_Core/sound_no
de_volvo/src/core/system/hw/dev/srv_dev.cpp.o: in function 
`_dash_push_log(char const*)':
C:\Users\Arnaud\Documents\Mod\xe8lisme\RC chantier\Code RC\Open Node RC 
Core/src/core/system/debug/debug.h:147: undefined reference to 
`dashboard_push_log(char const*)'
c:/users/arnaud/.platformio/packages/toolchain-xtensa-esp32@8.4.0+2021r2-patch5
/bin/../lib/gcc/xtensa-esp32-elf/8.4.0/../../../../xtensa-esp32-elf/bin/ld.exe:
 C:/Users/Arnaud/AppData/Local/Temp/PlatformIO/build/Open_Node_RC_Core/sound_no
de_volvo/src/core/system/hw/dev/srv_dev.cpp.o: in function 
`_dash_serial_trylock()':
C:\Users\Arnaud\Documents\Mod\xe8lisme\RC chantier\Code RC\Open Node RC 
Core/src/core/system/debug/debug.h:155: undefined reference to 
`dashboard_serial_trylock()'
c:/users/arnaud/.platformio/packages/toolchain-xtensa-esp32@8.4.0+2021r2-patch5
/bin/../lib/gcc/xtensa-esp32-elf/8.4.0/../../../../xtensa-esp32-elf/bin/ld.exe:
 C:/Users/Arnaud/AppData/Local/Temp/PlatformIO/build/Open_Node_RC_Core/sound_no
de_volvo/src/core/system/hw/dev/srv_dev.cpp.o: in function 
`_dash_push_log(char const*)':
C:\Users\Arnaud\Documents\Mod\xe8lisme\RC chantier\Code RC\Open Node RC 
Core/src/core/system/debug/debug.h:147: undefined reference to 
`dashboard_push_log(char const*)'
c:/users/arnaud/.platformio/packages/toolchain-xtensa-esp32@8.4.0+2021r2-patch5
/bin/../lib/gcc/xtensa-esp32-elf/8.4.0/../../../../xtensa-esp32-elf/bin/ld.exe:
 C:/Users/Arnaud/AppData/Local/Temp/PlatformIO/build/Open_Node_RC_Core/sound_no
de_volvo/src/core/system/hw/dev/srv_dev.cpp.o: in function 
`_dash_serial_trylock()':
C:\Users\Arnaud\Documents\Mod\xe8lisme\RC chantier\Code RC\Open Node RC 
Core/src/core/system/debug/debug.h:155: undefined reference to 
`dashboard_serial_trylock()'
c:/users/arnaud/.platformio/packages/toolchain-xtensa-esp32@8.4.0+2021r2-patch5
/bin/../lib/gcc/xtensa-esp32-elf/8.4.0/../../../../xtensa-esp32-elf/bin/ld.exe:
 C:/Users/Arnaud/AppData/Local/Temp/PlatformIO/build/Open_Node_RC_Core/sound_no
de_volvo/src/core/system/hw/pin_reg.cpp.o: in function `void 
log_impl<(unsigned char)1, true, unsigned char, char const*, char const*, char 
const*, char const*>(char const*, unsigned char, char const*, char const*, 
char const*, char const*)':
C:\Users\Arnaud\Documents\Mod\xe8lisme\RC chantier\Code RC\Open Node RC 
Core/src/core/system/debug/debug.h:189: undefined reference to 
`dashboard_push_log(char const*)'
c:/users/arnaud/.platformio/packages/toolchain-xtensa-esp32@8.4.0+2021r2-patch5
/bin/../lib/gcc/xtensa-esp32-elf/8.4.0/../../../../xtensa-esp32-elf/bin/ld.exe:
 C:/Users/Arnaud/AppData/Local/Temp/PlatformIO/build/Open_Node_RC_Core/sound_no
de_volvo/src/core/system/hw/pin_reg.cpp.o: in function `_dash_push_log(char 
const*)':
C:\Users\Arnaud\Documents\Mod\xe8lisme\RC chantier\Code RC\Open Node RC 
Core/src/core/system/debug/debug.h:147: undefined reference to 
`dashboard_serial_trylock()'
c:/users/arnaud/.platformio/packages/toolchain-xtensa-esp32@8.4.0+2021r2-patch5
/bin/../lib/gcc/xtensa-esp32-elf/8.4.0/../../../../xtensa-esp32-elf/bin/ld.exe:
 C:/Users/Arnaud/AppData/Local/Temp/PlatformIO/build/Open_Node_RC_Core/sound_no
de_volvo/src/core/system/hw/pin_reg.cpp.o: in function `void 
log_impl<(unsigned char)1, true, unsigned char, char const*, char const*, char 
const*, char const*>(char const*, unsigned char, char const*, char const*, 
char const*, char const*)':
C:\Users\Arnaud\Documents\Mod\xe8lisme\RC chantier\Code RC\Open Node RC 
Core/src/core/system/debug/debug.h:200: undefined reference to 
`dashboard_serial_unlock()'
c:/users/arnaud/.platformio/packages/toolchain-xtensa-esp32@8.4.0+2021r2-patch5
/bin/../lib/gcc/xtensa-esp32-elf/8.4.0/../../../../xtensa-esp32-elf/bin/ld.exe:
 C:/Users/Arnaud/AppData/Local/Temp/PlatformIO/build/Open_Node_RC_Core/sound_no
de_volvo/src/core/system/hw/pin_reg.cpp.o: in function `pin_claim(PinReg&, 
unsigned char, PinOwner, char const*, bool, bool)':
C:\Users\Arnaud\Documents\Mod\xe8lisme\RC chantier\Code RC\Open Node RC 
Core/src/core/system/hw/pin_reg.cpp:126: undefined reference to 
`dashboard_push_log(char const*)'
c:/users/arnaud/.platformio/packages/toolchain-xtensa-esp32@8.4.0+2021r2-patch5
/bin/../lib/gcc/xtensa-esp32-elf/8.4.0/../../../../xtensa-esp32-elf/bin/ld.exe:
 C:/Users/Arnaud/AppData/Local/Temp/PlatformIO/build/Open_Node_RC_Core/sound_no
de_volvo/src/core/system/hw/pin_reg.cpp.o: in function `void 
log_impl<(unsigned char)2, true, unsigned char, char const*, char const*, char 
const*, char const*>(char const*, unsigned char, char const*, char const*, 
char const*, char const*)':
C:\Users\Arnaud\Documents\Mod\xe8lisme\RC chantier\Code RC\Open Node RC 
Core/src/core/system/debug/debug.h:189: undefined reference to 
`dashboard_serial_trylock()'
c:/users/arnaud/.platformio/packages/toolchain-xtensa-esp32@8.4.0+2021r2-patch5
/bin/../lib/gcc/xtensa-esp32-elf/8.4.0/../../../../xtensa-esp32-elf/bin/ld.exe:
 C:\Users\Arnaud\Documents\Mod\xe8lisme\RC chantier\Code RC\Open Node RC 
Core/src/core/system/debug/debug.h:200: undefined reference to 
`dashboard_serial_unlock()'
c:/users/arnaud/.platformio/packages/toolchain-xtensa-esp32@8.4.0+2021r2-patch5
/bin/../lib/gcc/xtensa-esp32-elf/8.4.0/../../../../xtensa-esp32-elf/bin/ld.exe:
 C:/Users/Arnaud/AppData/Local/Temp/PlatformIO/build/Open_Node_RC_Core/sound_no
de_volvo/src/core/system/hw/pin_reg.cpp.o: in function `pin_claim(PinReg&, 
unsigned char, PinOwner, char const*, bool, bool)':
C:\Users\Arnaud\Documents\Mod\xe8lisme\RC chantier\Code RC\Open Node RC 
Core/src/core/system/hw/pin_reg.cpp:145: undefined reference to 
`dashboard_push_log(char const*)'
c:/users/arnaud/.platformio/packages/toolchain-xtensa-esp32@8.4.0+2021r2-patch5
/bin/../lib/gcc/xtensa-esp32-elf/8.4.0/../../../../xtensa-esp32-elf/bin/ld.exe:
 C:\Users\Arnaud\Documents\Mod\xe8lisme\RC chantier\Code RC\Open Node RC 
Core/src/core/system/hw/pin_reg.cpp:146: undefined reference to 
`dashboard_serial_trylock()'
c:/users/arnaud/.platformio/packages/toolchain-xtensa-esp32@8.4.0+2021r2-patch5
/bin/../lib/gcc/xtensa-esp32-elf/8.4.0/../../../../xtensa-esp32-elf/bin/ld.exe:
 C:/Users/Arnaud/AppData/Local/Temp/PlatformIO/build/Open_Node_RC_Core/sound_no
de_volvo/src/core/system/hw/pin_reg.cpp.o: in function 
`_dash_serial_trylock()':
C:\Users\Arnaud\Documents\Mod\xe8lisme\RC chantier\Code RC\Open Node RC 
Core/src/core/system/debug/debug.h:155: undefined reference to 
`dashboard_serial_unlock()'
c:/users/arnaud/.platformio/packages/toolchain-xtensa-esp32@8.4.0+2021r2-patch5
/bin/../lib/gcc/xtensa-esp32-elf/8.4.0/../../../../xtensa-esp32-elf/bin/ld.exe:
 C:/Users/Arnaud/AppData/Local/Temp/PlatformIO/build/Open_Node_RC_Core/sound_no
de_volvo/src/core/system/hw/pin_reg.cpp.o: in function `void 
log_impl<(unsigned char)3, true, unsigned char, unsigned char>(char const*, 
unsigned char, unsigned char)':
C:\Users\Arnaud\Documents\Mod\xe8lisme\RC chantier\Code RC\Open Node RC 
Core/src/core/system/debug/debug.h:189: undefined reference to 
`dashboard_push_log(char const*)'
c:/users/arnaud/.platformio/packages/toolchain-xtensa-esp32@8.4.0+2021r2-patch5
/bin/../lib/gcc/xtensa-esp32-elf/8.4.0/../../../../xtensa-esp32-elf/bin/ld.exe:
 C:/Users/Arnaud/AppData/Local/Temp/PlatformIO/build/Open_Node_RC_Core/sound_no
de_volvo/src/core/system/hw/pin_reg.cpp.o: in function `_dash_push_log(char 
const*)':
C:\Users\Arnaud\Documents\Mod\xe8lisme\RC chantier\Code RC\Open Node RC 
Core/src/core/system/debug/debug.h:147: undefined reference to 
`dashboard_serial_trylock()'
c:/users/arnaud/.platformio/packages/toolchain-xtensa-esp32@8.4.0+2021r2-patch5
/bin/../lib/gcc/xtensa-esp32-elf/8.4.0/../../../../xtensa-esp32-elf/bin/ld.exe:
 C:/Users/Arnaud/AppData/Local/Temp/PlatformIO/build/Open_Node_RC_Core/sound_no
de_volvo/src/core/system/hw/pin_reg.cpp.o: in function `void 
log_impl<(unsigned char)3, true, unsigned char, unsigned char>(char const*, 
unsigned char, unsigned char)':
C:\Users\Arnaud\Documents\Mod\xe8lisme\RC chantier\Code RC\Open Node RC 
Core/src/core/system/debug/debug.h:200: undefined reference to 
`dashboard_serial_unlock()'
c:/users/arnaud/.platformio/packages/toolchain-xtensa-esp32@8.4.0+2021r2-patch5
/bin/../lib/gcc/xtensa-esp32-elf/8.4.0/../../../../xtensa-esp32-elf/bin/ld.exe:
 C:/Users/Arnaud/AppData/Local/Temp/PlatformIO/build/Open_Node_RC_Core/sound_no
de_volvo/src/core/system/hw/pin_reg.cpp.o: in function `void 
log_impl<(unsigned char)3, true, unsigned char, char const*, char, char 
const*>(char const*, unsigned char, char const*, char, char const*)':
C:\Users\Arnaud\Documents\Mod\xe8lisme\RC chantier\Code RC\Open Node RC 
Core/src/core/system/debug/debug.h:189: undefined reference to 
`dashboard_push_log(char const*)'
c:/users/arnaud/.platformio/packages/toolchain-xtensa-esp32@8.4.0+2021r2-patch5
/bin/../lib/gcc/xtensa-esp32-elf/8.4.0/../../../../xtensa-esp32-elf/bin/ld.exe:
 C:\Users\Arnaud\Documents\Mod\xe8lisme\RC chantier\Code RC\Open Node RC 
Core/src/core/system/debug/debug.h:189: undefined reference to 
`dashboard_serial_trylock()'
c:/users/arnaud/.platformio/packages/toolchain-xtensa-esp32@8.4.0+2021r2-patch5
/bin/../lib/gcc/xtensa-esp32-elf/8.4.0/../../../../xtensa-esp32-elf/bin/ld.exe:
 C:\Users\Arnaud\Documents\Mod\xe8lisme\RC chantier\Code RC\Open Node RC 
Core/src/core/system/debug/debug.h:200: undefined reference to 
`dashboard_serial_unlock()'
c:/users/arnaud/.platformio/packages/toolchain-xtensa-esp32@8.4.0+2021r2-patch5
/bin/../lib/gcc/xtensa-esp32-elf/8.4.0/../../../../xtensa-esp32-elf/bin/ld.exe:
 C:/Users/Arnaud/AppData/Local/Temp/PlatformIO/build/Open_Node_RC_Core/sound_no
de_volvo/src/core/system/hw/transport/uart_com.cpp.o: in function 
`_dash_push_log(char const*)':
C:\Users\Arnaud\Documents\Mod\xe8lisme\RC chantier\Code RC\Open Node RC 
Core/src/core/system/debug/debug.h:147: undefined reference to 
`dashboard_push_log(char const*)'
c:/users/arnaud/.platformio/packages/toolchain-xtensa-esp32@8.4.0+2021r2-patch5
/bin/../lib/gcc/xtensa-esp32-elf/8.4.0/../../../../xtensa-esp32-elf/bin/ld.exe:
 C:/Users/Arnaud/AppData/Local/Temp/PlatformIO/build/Open_Node_RC_Core/sound_no
de_volvo/src/core/system/hw/transport/uart_com.cpp.o: in function 
`_dash_serial_trylock()':
C:\Users\Arnaud\Documents\Mod\xe8lisme\RC chantier\Code RC\Open Node RC 
Core/src/core/system/debug/debug.h:155: undefined reference to 
`dashboard_serial_trylock()'
c:/users/arnaud/.platformio/packages/toolchain-xtensa-esp32@8.4.0+2021r2-patch5
/bin/../lib/gcc/xtensa-esp32-elf/8.4.0/../../../../xtensa-esp32-elf/bin/ld.exe:
 C:/Users/Arnaud/AppData/Local/Temp/PlatformIO/build/Open_Node_RC_Core/sound_no
de_volvo/src/core/system/hw/transport/uart_com.cpp.o: in function `void 
log_impl<(unsigned char)1, true, unsigned int, char const*>(char const*, 
unsigned int, char const*)':
C:\Users\Arnaud\Documents\Mod\xe8lisme\RC chantier\Code RC\Open Node RC 
Core/src/core/system/debug/debug.h:200: undefined reference to 
`dashboard_serial_unlock()'
c:/users/arnaud/.platformio/packages/toolchain-xtensa-esp32@8.4.0+2021r2-patch5
/bin/../lib/gcc/xtensa-esp32-elf/8.4.0/../../../../xtensa-esp32-elf/bin/ld.exe:
 C:\Users\Arnaud\Documents\Mod\xe8lisme\RC chantier\Code RC\Open Node RC 
Core/src/core/system/debug/debug.h:189: undefined reference to 
`dashboard_push_log(char const*)'
c:/users/arnaud/.platformio/packages/toolchain-xtensa-esp32@8.4.0+2021r2-patch5
/bin/../lib/gcc/xtensa-esp32-elf/8.4.0/../../../../xtensa-esp32-elf/bin/ld.exe:
 C:\Users\Arnaud\Documents\Mod\xe8lisme\RC chantier\Code RC\Open Node RC 
Core/src/core/system/debug/debug.h:189: undefined reference to 
`dashboard_serial_trylock()'
c:/users/arnaud/.platformio/packages/toolchain-xtensa-esp32@8.4.0+2021r2-patch5
/bin/../lib/gcc/xtensa-esp32-elf/8.4.0/../../../../xtensa-esp32-elf/bin/ld.exe:
 C:/Users/Arnaud/AppData/Local/Temp/PlatformIO/build/Open_Node_RC_Core/sound_no
de_volvo/src/core/system/hw/transport/uart_com.cpp.o: in function 
`uart_com_init(HardwareSerial*, unsigned int, int, int, char const*, PinReg*)':
C:\Users\Arnaud\Documents\Mod\xe8lisme\RC chantier\Code RC\Open Node RC 
Core/src/core/system/hw/transport/uart_com.cpp:151: undefined reference to 
`dashboard_push_log(char const*)'
c:/users/arnaud/.platformio/packages/toolchain-xtensa-esp32@8.4.0+2021r2-patch5
/bin/../lib/gcc/xtensa-esp32-elf/8.4.0/../../../../xtensa-esp32-elf/bin/ld.exe:
 C:/Users/Arnaud/AppData/Local/Temp/PlatformIO/build/Open_Node_RC_Core/sound_no
de_volvo/src/core/system/hw/transport/uart_com.cpp.o: in function `void 
log_impl<(unsigned char)3, true, char const*, unsigned int, int, int>(char 
const*, char const*, unsigned int, int, int)':
C:\Users\Arnaud\Documents\Mod\xe8lisme\RC chantier\Code RC\Open Node RC 
Core/src/core/system/debug/debug.h:189: undefined reference to 
`dashboard_serial_trylock()'
c:/users/arnaud/.platformio/packages/toolchain-xtensa-esp32@8.4.0+2021r2-patch5
/bin/../lib/gcc/xtensa-esp32-elf/8.4.0/../../../../xtensa-esp32-elf/bin/ld.exe:
 C:\Users\Arnaud\Documents\Mod\xe8lisme\RC chantier\Code RC\Open Node RC 
Core/src/core/system/debug/debug.h:189: undefined reference to 
`dashboard_serial_unlock()'
c:/users/arnaud/.platformio/packages/toolchain-xtensa-esp32@8.4.0+2021r2-patch5
/bin/../lib/gcc/xtensa-esp32-elf/8.4.0/../../../../xtensa-esp32-elf/bin/ld.exe:
 C:/Users/Arnaud/AppData/Local/Temp/PlatformIO/build/Open_Node_RC_Core/sound_no
de_volvo/src/core/system/hw/transport/uart_com.cpp.o: in function `void 
log_impl<(unsigned char)1, true>(char const*)':
C:\Users\Arnaud\Documents\Mod\xe8lisme\RC chantier\Code RC\Open Node RC 
Core/src/core/system/hw/transport/uart_com.cpp:156: undefined reference to 
`dashboard_push_log(char const*)'
c:/users/arnaud/.platformio/packages/toolchain-xtensa-esp32@8.4.0+2021r2-patch5
/bin/../lib/gcc/xtensa-esp32-elf/8.4.0/../../../../xtensa-esp32-elf/bin/ld.exe:
 C:/Users/Arnaud/AppData/Local/Temp/PlatformIO/build/Open_Node_RC_Core/sound_no
de_volvo/src/core/system/hw/transport/uart_com.cpp.o: in function 
`_dash_push_log(char const*)':
C:\Users\Arnaud\Documents\Mod\xe8lisme\RC chantier\Code RC\Open Node RC 
Core/src/core/system/debug/debug.h:147: undefined reference to 
`dashboard_serial_trylock()'
c:/users/arnaud/.platformio/packages/toolchain-xtensa-esp32@8.4.0+2021r2-patch5
/bin/../lib/gcc/xtensa-esp32-elf/8.4.0/../../../../xtensa-esp32-elf/bin/ld.exe:
 C:/Users/Arnaud/AppData/Local/Temp/PlatformIO/build/Open_Node_RC_Core/sound_no
de_volvo/src/core/system/hw/transport/uart_com.cpp.o: in function `void 
log_impl<(unsigned char)1, true>(char const*)':
C:\Users\Arnaud\Documents\Mod\xe8lisme\RC chantier\Code RC\Open Node RC 
Core/src/core/system/debug/debug.h:200: undefined reference to 
`dashboard_serial_unlock()'
c:/users/arnaud/.platformio/packages/toolchain-xtensa-esp32@8.4.0+2021r2-patch5
/bin/../lib/gcc/xtensa-esp32-elf/8.4.0/../../../../xtensa-esp32-elf/bin/ld.exe:
 C:/Users/Arnaud/AppData/Local/Temp/PlatformIO/build/Open_Node_RC_Core/sound_no
de_volvo/src/core/system/hw/transport/uart_com.cpp.o: in function `void 
log_impl<(unsigned char)1, true, int>(char const*, int)':
C:\Users\Arnaud\Documents\Mod\xe8lisme\RC chantier\Code RC\Open Node RC 
Core/src/core/system/debug/debug.h:189: undefined reference to 
`dashboard_push_log(char const*)'
c:/users/arnaud/.platformio/packages/toolchain-xtensa-esp32@8.4.0+2021r2-patch5
/bin/../lib/gcc/xtensa-esp32-elf/8.4.0/../../../../xtensa-esp32-elf/bin/ld.exe:
 C:/Users/Arnaud/AppData/Local/Temp/PlatformIO/build/Open_Node_RC_Core/sound_no
de_volvo/src/core/system/hw/transport/uart_com.cpp.o: in function 
`_dash_push_log(char const*)':
C:\Users\Arnaud\Documents\Mod\xe8lisme\RC chantier\Code RC\Open Node RC 
Core/src/core/system/debug/debug.h:147: undefined reference to 
`dashboard_serial_trylock()'
c:/users/arnaud/.platformio/packages/toolchain-xtensa-esp32@8.4.0+2021r2-patch5
/bin/../lib/gcc/xtensa-esp32-elf/8.4.0/../../../../xtensa-esp32-elf/bin/ld.exe:
 C:/Users/Arnaud/AppData/Local/Temp/PlatformIO/build/Open_Node_RC_Core/sound_no
de_volvo/src/core/system/hw/transport/uart_com.cpp.o: in function `void 
log_impl<(unsigned char)1, true, int>(char const*, int)':
C:\Users\Arnaud\Documents\Mod\xe8lisme\RC chantier\Code RC\Open Node RC 
Core/src/core/system/debug/debug.h:200: undefined reference to 
`dashboard_serial_unlock()'
c:/users/arnaud/.platformio/packages/toolchain-xtensa-esp32@8.4.0+2021r2-patch5
/bin/../lib/gcc/xtensa-esp32-elf/8.4.0/../../../../xtensa-esp32-elf/bin/ld.exe:
 C:/Users/Arnaud/AppData/Local/Temp/PlatformIO/build/Open_Node_RC_Core/sound_no
de_volvo/src/core/system/light/light.cpp.o: in function `void 
log_impl<(unsigned char)2, true, unsigned char, char const*, signed char>(char 
const*, unsigned char, char const*, signed char)':
C:\Users\Arnaud\Documents\Mod\xe8lisme\RC chantier\Code RC\Open Node RC 
Core/src/core/system/debug/debug.h:189: undefined reference to 
`dashboard_push_log(char const*)'
c:/users/arnaud/.platformio/packages/toolchain-xtensa-esp32@8.4.0+2021r2-patch5
/bin/../lib/gcc/xtensa-esp32-elf/8.4.0/../../../../xtensa-esp32-elf/bin/ld.exe:
 C:\Users\Arnaud\Documents\Mod\xe8lisme\RC chantier\Code RC\Open Node RC 
Core/src/core/system/debug/debug.h:189: undefined reference to 
`dashboard_serial_trylock()'
c:/users/arnaud/.platformio/packages/toolchain-xtensa-esp32@8.4.0+2021r2-patch5
/bin/../lib/gcc/xtensa-esp32-elf/8.4.0/../../../../xtensa-esp32-elf/bin/ld.exe:
 C:\Users\Arnaud\Documents\Mod\xe8lisme\RC chantier\Code RC\Open Node RC 
Core/src/core/system/debug/debug.h:200: undefined reference to 
`dashboard_serial_unlock()'
c:/users/arnaud/.platformio/packages/toolchain-xtensa-esp32@8.4.0+2021r2-patch5
/bin/../lib/gcc/xtensa-esp32-elf/8.4.0/../../../../xtensa-esp32-elf/bin/ld.exe:
 C:/Users/Arnaud/AppData/Local/Temp/PlatformIO/build/Open_Node_RC_Core/sound_no
de_volvo/src/core/system/light/light.cpp.o: in function 
`std::unique_ptr<PwmControl, std::default_delete<PwmControl> >::~unique_ptr()':
c:\users\arnaud\.platformio\packages\toolchain-xtensa-esp32@8.4.0+2021r2-patch5
\xtensa-esp32-elf\include\c++\8.4.0\bits/unique_ptr.h:277: undefined reference 
to `dashboard_push_log(char const*)'
c:/users/arnaud/.platformio/packages/toolchain-xtensa-esp32@8.4.0+2021r2-patch5
/bin/../lib/gcc/xtensa-esp32-elf/8.4.0/../../../../xtensa-esp32-elf/bin/ld.exe:
 C:/Users/Arnaud/AppData/Local/Temp/PlatformIO/build/Open_Node_RC_Core/sound_no
de_volvo/src/core/system/light/light.cpp.o: in function 
`light_init(LightPort*, PinReg&)':
C:\Users\Arnaud\Documents\Mod\xe8lisme\RC chantier\Code RC\Open Node RC 
Core/src/core/system/light/light.cpp:82: undefined reference to 
`dashboard_serial_trylock()'
c:/users/arnaud/.platformio/packages/toolchain-xtensa-esp32@8.4.0+2021r2-patch5
/bin/../lib/gcc/xtensa-esp32-elf/8.4.0/../../../../xtensa-esp32-elf/bin/ld.exe:
 C:/Users/Arnaud/AppData/Local/Temp/PlatformIO/build/Open_Node_RC_Core/sound_no
de_volvo/src/core/system/vbat/vbat_sense.cpp.o: in function 
`_dash_push_log(char const*)':
C:\Users\Arnaud\Documents\Mod\xe8lisme\RC chantier\Code RC\Open Node RC 
Core/src/core/system/debug/debug.h:147: undefined reference to 
`dashboard_push_log(char const*)'
c:/users/arnaud/.platformio/packages/toolchain-xtensa-esp32@8.4.0+2021r2-patch5
/bin/../lib/gcc/xtensa-esp32-elf/8.4.0/../../../../xtensa-esp32-elf/bin/ld.exe:
 C:\Users\Arnaud\Documents\Mod\xe8lisme\RC chantier\Code RC\Open Node RC 
Core/src/core/system/debug/debug.h:147: undefined reference to 
`dashboard_serial_trylock()'
c:/users/arnaud/.platformio/packages/toolchain-xtensa-esp32@8.4.0+2021r2-patch5
/bin/../lib/gcc/xtensa-esp32-elf/8.4.0/../../../../xtensa-esp32-elf/bin/ld.exe:
 C:/Users/Arnaud/AppData/Local/Temp/PlatformIO/build/Open_Node_RC_Core/sound_no
de_volvo/src/core/system/vbat/vbat_sense.cpp.o: in function `void 
log_impl<(unsigned char)1, true, char const*>(char const*, char const*)':
C:\Users\Arnaud\Documents\Mod\xe8lisme\RC chantier\Code RC\Open Node RC 
Core/src/core/system/debug/debug.h:200: undefined reference to 
`dashboard_serial_unlock()'
c:/users/arnaud/.platformio/packages/toolchain-xtensa-esp32@8.4.0+2021r2-patch5
/bin/../lib/gcc/xtensa-esp32-elf/8.4.0/../../../../xtensa-esp32-elf/bin/ld.exe:
 C:/Users/Arnaud/AppData/Local/Temp/PlatformIO/build/Open_Node_RC_Core/sound_no
de_volvo/src/core/system/vbat/vbat_sense.cpp.o: in function `void 
log_impl<(unsigned char)3, true, char const*>(char const*, char const*)':
C:\Users\Arnaud\Documents\Mod\xe8lisme\RC chantier\Code RC\Open Node RC 
Core/src/core/system/debug/debug.h:189: undefined reference to 
`dashboard_push_log(char const*)'
c:/users/arnaud/.platformio/packages/toolchain-xtensa-esp32@8.4.0+2021r2-patch5
/bin/../lib/gcc/xtensa-esp32-elf/8.4.0/../../../../xtensa-esp32-elf/bin/ld.exe:
 C:\Users\Arnaud\Documents\Mod\xe8lisme\RC chantier\Code RC\Open Node RC 
Core/src/core/system/debug/debug.h:189: undefined reference to 
`dashboard_serial_trylock()'
c:/users/arnaud/.platformio/packages/toolchain-xtensa-esp32@8.4.0+2021r2-patch5
/bin/../lib/gcc/xtensa-esp32-elf/8.4.0/../../../../xtensa-esp32-elf/bin/ld.exe:
 C:/Users/Arnaud/AppData/Local/Temp/PlatformIO/build/Open_Node_RC_Core/sound_no
de_volvo/src/core/system/vbat/vbat_sense.cpp.o: in function 
`_dash_push_log(char const*)':
C:\Users\Arnaud\Documents\Mod\xe8lisme\RC chantier\Code RC\Open Node RC 
Core/src/core/system/debug/debug.h:147: undefined reference to 
`dashboard_serial_unlock()'
c:/users/arnaud/.platformio/packages/toolchain-xtensa-esp32@8.4.0+2021r2-patch5
/bin/../lib/gcc/xtensa-esp32-elf/8.4.0/../../../../xtensa-esp32-elf/bin/ld.exe:
 C:/Users/Arnaud/AppData/Local/Temp/PlatformIO/build/Open_Node_RC_Core/sound_no
de_volvo/src/core/system/vbat/vbat_sense.cpp.o: in function `void 
log_impl<(unsigned char)3, true, char const*, unsigned char, float>(char 
const*, char const*, unsigned char, float)':
C:\Users\Arnaud\Documents\Mod\xe8lisme\RC chantier\Code RC\Open Node RC 
Core/src/core/system/debug/debug.h:189: undefined reference to 
`dashboard_push_log(char const*)'
c:/users/arnaud/.platformio/packages/toolchain-xtensa-esp32@8.4.0+2021r2-patch5
/bin/../lib/gcc/xtensa-esp32-elf/8.4.0/../../../../xtensa-esp32-elf/bin/ld.exe:
 C:\Users\Arnaud\Documents\Mod\xe8lisme\RC chantier\Code RC\Open Node RC 
Core/src/core/system/debug/debug.h:189: undefined reference to 
`dashboard_serial_trylock()'
c:/users/arnaud/.platformio/packages/toolchain-xtensa-esp32@8.4.0+2021r2-patch5
/bin/../lib/gcc/xtensa-esp32-elf/8.4.0/../../../../xtensa-esp32-elf/bin/ld.exe:
 C:/Users/Arnaud/AppData/Local/Temp/PlatformIO/build/Open_Node_RC_Core/sound_no
de_volvo/src/core/system/vbat/vbat_sense.cpp.o: in function 
`_dash_push_log(char const*)':
C:\Users\Arnaud\Documents\Mod\xe8lisme\RC chantier\Code RC\Open Node RC 
Core/src/core/system/debug/debug.h:147: undefined reference to 
`dashboard_serial_unlock()'
c:/users/arnaud/.platformio/packages/toolchain-xtensa-esp32@8.4.0+2021r2-patch5
/bin/../lib/gcc/xtensa-esp32-elf/8.4.0/../../../../xtensa-esp32-elf/bin/ld.exe:
 C:/Users/Arnaud/AppData/Local/Temp/PlatformIO/build/Open_Node_RC_Core/sound_no
de_volvo/src/sound_module/init/hw_init.cpp.o: in function `_dash_push_log(char 
const*)':
C:\Users\Arnaud\Documents\Mod\xe8lisme\RC chantier\Code RC\Open Node RC 
Core/src/core/system/debug/debug.h:147: undefined reference to 
`dashboard_push_log(char const*)'
c:/users/arnaud/.platformio/packages/toolchain-xtensa-esp32@8.4.0+2021r2-patch5
/bin/../lib/gcc/xtensa-esp32-elf/8.4.0/../../../../xtensa-esp32-elf/bin/ld.exe:
 C:\Users\Arnaud\Documents\Mod\xe8lisme\RC chantier\Code RC\Open Node RC 
Core/src/core/system/debug/debug.h:147: undefined reference to 
`dashboard_serial_trylock()'
c:/users/arnaud/.platformio/packages/toolchain-xtensa-esp32@8.4.0+2021r2-patch5
/bin/../lib/gcc/xtensa-esp32-elf/8.4.0/../../../../xtensa-esp32-elf/bin/ld.exe:
 C:/Users/Arnaud/AppData/Local/Temp/PlatformIO/build/Open_Node_RC_Core/sound_no
de_volvo/src/sound_module/init/hw_init.cpp.o: in function `void 
log_impl<(unsigned char)3, true, unsigned char>(char const*, unsigned char)':
C:\Users\Arnaud\Documents\Mod\xe8lisme\RC chantier\Code RC\Open Node RC 
Core/src/core/system/debug/debug.h:200: undefined reference to 
`dashboard_serial_unlock()'
c:/users/arnaud/.platformio/packages/toolchain-xtensa-esp32@8.4.0+2021r2-patch5
/bin/../lib/gcc/xtensa-esp32-elf/8.4.0/../../../../xtensa-esp32-elf/bin/ld.exe:
 C:/Users/Arnaud/AppData/Local/Temp/PlatformIO/build/Open_Node_RC_Core/sound_no
de_volvo/src/sound_module/init/hw_init.cpp.o: in function `void 
log_impl<(unsigned char)3, true, unsigned char, unsigned char>(char const*, 
unsigned char, unsigned char)':
C:\Users\Arnaud\Documents\Mod\xe8lisme\RC chantier\Code RC\Open Node RC 
Core/src/core/system/debug/debug.h:189: undefined reference to 
`dashboard_push_log(char const*)'
c:/users/arnaud/.platformio/packages/toolchain-xtensa-esp32@8.4.0+2021r2-patch5
/bin/../lib/gcc/xtensa-esp32-elf/8.4.0/../../../../xtensa-esp32-elf/bin/ld.exe:
 C:\Users\Arnaud\Documents\Mod\xe8lisme\RC chantier\Code RC\Open Node RC 
Core/src/core/system/debug/debug.h:189: undefined reference to 
`dashboard_serial_trylock()'
c:/users/arnaud/.platformio/packages/toolchain-xtensa-esp32@8.4.0+2021r2-patch5
/bin/../lib/gcc/xtensa-esp32-elf/8.4.0/../../../../xtensa-esp32-elf/bin/ld.exe:
 C:\Users\Arnaud\Documents\Mod\xe8lisme\RC chantier\Code RC\Open Node RC 
Core/src/core/system/debug/debug.h:194: undefined reference to 
`dashboard_serial_unlock()'
c:/users/arnaud/.platformio/packages/toolchain-xtensa-esp32@8.4.0+2021r2-patch5
/bin/../lib/gcc/xtensa-esp32-elf/8.4.0/../../../../xtensa-esp32-elf/bin/ld.exe:
 C:/Users/Arnaud/AppData/Local/Temp/PlatformIO/build/Open_Node_RC_Core/sound_no
de_volvo/src/sound_module/init/hw_init_light.cpp.o: in function `void 
log_impl<(unsigned char)3, true, unsigned char>(char const*, unsigned char)':
C:\Users\Arnaud\Documents\Mod\xe8lisme\RC chantier\Code RC\Open Node RC 
Core/src/core/system/debug/debug.h:189: undefined reference to 
`dashboard_push_log(char const*)'
c:/users/arnaud/.platformio/packages/toolchain-xtensa-esp32@8.4.0+2021r2-patch5
/bin/../lib/gcc/xtensa-esp32-elf/8.4.0/../../../../xtensa-esp32-elf/bin/ld.exe:
 C:\Users\Arnaud\Documents\Mod\xe8lisme\RC chantier\Code RC\Open Node RC 
Core/src/core/system/debug/debug.h:189: undefined reference to 
`dashboard_serial_trylock()'
c:/users/arnaud/.platformio/packages/toolchain-xtensa-esp32@8.4.0+2021r2-patch5
/bin/../lib/gcc/xtensa-esp32-elf/8.4.0/../../../../xtensa-esp32-elf/bin/ld.exe:
 C:\Users\Arnaud\Documents\Mod\xe8lisme\RC chantier\Code RC\Open Node RC 
Core/src/core/system/debug/debug.h:200: undefined reference to 
`dashboard_serial_unlock()'
c:/users/arnaud/.platformio/packages/toolchain-xtensa-esp32@8.4.0+2021r2-patch5
/bin/../lib/gcc/xtensa-esp32-elf/8.4.0/../../../../xtensa-esp32-elf/bin/ld.exe:
 C:/Users/Arnaud/AppData/Local/Temp/PlatformIO/build/Open_Node_RC_Core/sound_no
de_volvo/src/sound_module/init/hw_init_light.cpp.o: in function `void 
log_impl<(unsigned char)3, true, int, int>(char const*, int, int)':
C:\Users\Arnaud\Documents\Mod\xe8lisme\RC chantier\Code RC\Open Node RC 
Core/src/core/system/debug/debug.h:189: undefined reference to 
`dashboard_push_log(char const*)'
c:/users/arnaud/.platformio/packages/toolchain-xtensa-esp32@8.4.0+2021r2-patch5
/bin/../lib/gcc/xtensa-esp32-elf/8.4.0/../../../../xtensa-esp32-elf/bin/ld.exe:
 C:\Users\Arnaud\Documents\Mod\xe8lisme\RC chantier\Code RC\Open Node RC 
Core/src/core/system/debug/debug.h:189: undefined reference to 
`dashboard_serial_trylock()'
c:/users/arnaud/.platformio/packages/toolchain-xtensa-esp32@8.4.0+2021r2-patch5
/bin/../lib/gcc/xtensa-esp32-elf/8.4.0/../../../../xtensa-esp32-elf/bin/ld.exe:
 C:/Users/Arnaud/AppData/Local/Temp/PlatformIO/build/Open_Node_RC_Core/sound_no
de_volvo/src/sound_module/init/hw_init_light.cpp.o: in function 
`_dash_serial_trylock()':
C:\Users\Arnaud\Documents\Mod\xe8lisme\RC chantier\Code RC\Open Node RC 
Core/src/core/system/debug/debug.h:155: undefined reference to 
`dashboard_serial_unlock()'
c:/users/arnaud/.platformio/packages/toolchain-xtensa-esp32@8.4.0+2021r2-patch5
/bin/../lib/gcc/xtensa-esp32-elf/8.4.0/../../../../xtensa-esp32-elf/bin/ld.exe:
 C:/Users/Arnaud/AppData/Local/Temp/PlatformIO/build/Open_Node_RC_Core/sound_no
de_volvo/src/sound_module/system/debug/dashboard_sound.cpp.o:(.literal._ZL19ren
der_sound_detailv+0x64): undefined reference to `dashboard_detail_index()'
c:/users/arnaud/.platformio/packages/toolchain-xtensa-esp32@8.4.0+2021r2-patch5
/bin/../lib/gcc/xtensa-esp32-elf/8.4.0/../../../../xtensa-esp32-elf/bin/ld.exe:
 C:/Users/Arnaud/AppData/Local/Temp/PlatformIO/build/Open_Node_RC_Core/sound_no
de_volvo/src/sound_module/system/debug/dashboard_sound.cpp.o:(.literal._ZL19ren
der_sound_detailv+0x68): undefined reference to `fmtUptime(char*, unsigned 
int)'
c:/users/arnaud/.platformio/packages/toolchain-xtensa-esp32@8.4.0+2021r2-patch5
/bin/../lib/gcc/xtensa-esp32-elf/8.4.0/../../../../xtensa-esp32-elf/bin/ld.exe:
 C:/Users/Arnaud/AppData/Local/Temp/PlatformIO/build/Open_Node_RC_Core/sound_no
de_volvo/src/sound_module/system/debug/dashboard_sound.cpp.o:(.literal._ZL19ren
der_sound_detailv+0x6c): undefined reference to `dPre()'
c:/users/arnaud/.platformio/packages/toolchain-xtensa-esp32@8.4.0+2021r2-patch5
/bin/../lib/gcc/xtensa-esp32-elf/8.4.0/../../../../xtensa-esp32-elf/bin/ld.exe:
 C:/Users/Arnaud/AppData/Local/Temp/PlatformIO/build/Open_Node_RC_Core/sound_no
de_volvo/src/sound_module/system/debug/dashboard_sound.cpp.o:(.literal._ZL19ren
der_sound_detailv+0x70): undefined reference to `dTop()'
c:/users/arnaud/.platformio/packages/toolchain-xtensa-esp32@8.4.0+2021r2-patch5
/bin/../lib/gcc/xtensa-esp32-elf/8.4.0/../../../../xtensa-esp32-elf/bin/ld.exe:
 C:/Users/Arnaud/AppData/Local/Temp/PlatformIO/build/Open_Node_RC_Core/sound_no
de_volvo/src/sound_module/system/debug/dashboard_sound.cpp.o:(.literal._ZL19ren
der_sound_detailv+0x74): undefined reference to `dLine(char const*, ...)'
c:/users/arnaud/.platformio/packages/toolchain-xtensa-esp32@8.4.0+2021r2-patch5
/bin/../lib/gcc/xtensa-esp32-elf/8.4.0/../../../../xtensa-esp32-elf/bin/ld.exe:
 C:/Users/Arnaud/AppData/Local/Temp/PlatformIO/build/Open_Node_RC_Core/sound_no
de_volvo/src/sound_module/system/debug/dashboard_sound.cpp.o:(.literal._ZL19ren
der_sound_detailv+0x78): undefined reference to `dMid()'
c:/users/arnaud/.platformio/packages/toolchain-xtensa-esp32@8.4.0+2021r2-patch5
/bin/../lib/gcc/xtensa-esp32-elf/8.4.0/../../../../xtensa-esp32-elf/bin/ld.exe:
 C:/Users/Arnaud/AppData/Local/Temp/PlatformIO/build/Open_Node_RC_Core/sound_no
de_volvo/src/sound_module/system/debug/dashboard_sound.cpp.o:(.literal._ZL19ren
der_sound_detailv+0x7c): undefined reference to `dMidLabel(char const*)'
c:/users/arnaud/.platformio/packages/toolchain-xtensa-esp32@8.4.0+2021r2-patch5
/bin/../lib/gcc/xtensa-esp32-elf/8.4.0/../../../../xtensa-esp32-elf/bin/ld.exe:
 C:/Users/Arnaud/AppData/Local/Temp/PlatformIO/build/Open_Node_RC_Core/sound_no
de_volvo/src/sound_module/system/debug/dashboard_sound.cpp.o:(.literal._ZL19ren
der_sound_detailv+0x80): undefined reference to `dBot()'
c:/users/arnaud/.platformio/packages/toolchain-xtensa-esp32@8.4.0+2021r2-patch5
/bin/../lib/gcc/xtensa-esp32-elf/8.4.0/../../../../xtensa-esp32-elf/bin/ld.exe:
 C:/Users/Arnaud/AppData/Local/Temp/PlatformIO/build/Open_Node_RC_Core/sound_no
de_volvo/src/sound_module/system/debug/dashboard_sound.cpp.o:(.literal._Z21dash
board_sound_setupv+0x10): undefined reference to `dashboard_setup()'
c:/users/arnaud/.platformio/packages/toolchain-xtensa-esp32@8.4.0+2021r2-patch5
/bin/../lib/gcc/xtensa-esp32-elf/8.4.0/../../../../xtensa-esp32-elf/bin/ld.exe:
 C:/Users/Arnaud/AppData/Local/Temp/PlatformIO/build/Open_Node_RC_Core/sound_no
de_volvo/src/sound_module/system/debug/dashboard_sound.cpp.o:(.literal._Z21dash
board_sound_setupv+0x14): undefined reference to 
`dashboard_register_slot(unsigned char, char const*, void (*)())'
c:/users/arnaud/.platformio/packages/toolchain-xtensa-esp32@8.4.0+2021r2-patch5
/bin/../lib/gcc/xtensa-esp32-elf/8.4.0/../../../../xtensa-esp32-elf/bin/ld.exe:
 C:/Users/Arnaud/AppData/Local/Temp/PlatformIO/build/Open_Node_RC_Core/sound_no
de_volvo/src/sound_module/system/debug/dashboard_sound.cpp.o:(.literal._Z21dash
board_sound_setupv+0x18): undefined reference to 
`dashboard_register_detail(unsigned char, unsigned char (*)(), void (*)())'
c:/users/arnaud/.platformio/packages/toolchain-xtensa-esp32@8.4.0+2021r2-patch5
/bin/../lib/gcc/xtensa-esp32-elf/8.4.0/../../../../xtensa-esp32-elf/bin/ld.exe:
 C:/Users/Arnaud/AppData/Local/Temp/PlatformIO/build/Open_Node_RC_Core/sound_no
de_volvo/src/sound_module/system/debug/dashboard_sound.cpp.o:(.literal._Z21dash
board_sound_setupv+0x1c): undefined reference to `dashboard_start_task()'
c:/users/arnaud/.platformio/packages/toolchain-xtensa-esp32@8.4.0+2021r2-patch5
/bin/../lib/gcc/xtensa-esp32-elf/8.4.0/../../../../xtensa-esp32-elf/bin/ld.exe:
 C:/Users/Arnaud/AppData/Local/Temp/PlatformIO/build/Open_Node_RC_Core/sound_no
de_volvo/src/sound_module/system/debug/dashboard_sound.cpp.o: in function 
`render_sound_detail()':
C:\Users\Arnaud\Documents\Mod\xe8lisme\RC chantier\Code RC\Open Node RC 
Core/src/sound_module/system/debug/dashboard_sound.cpp:148: undefined 
reference to `dashboard_detail_index()'
c:/users/arnaud/.platformio/packages/toolchain-xtensa-esp32@8.4.0+2021r2-patch5
/bin/../lib/gcc/xtensa-esp32-elf/8.4.0/../../../../xtensa-esp32-elf/bin/ld.exe:
 C:\Users\Arnaud\Documents\Mod\xe8lisme\RC chantier\Code RC\Open Node RC 
Core/src/sound_module/system/debug/dashboard_sound.cpp:156: undefined 
reference to `fmtUptime(char*, unsigned int)'
c:/users/arnaud/.platformio/packages/toolchain-xtensa-esp32@8.4.0+2021r2-patch5
/bin/../lib/gcc/xtensa-esp32-elf/8.4.0/../../../../xtensa-esp32-elf/bin/ld.exe:
 C:\Users\Arnaud\Documents\Mod\xe8lisme\RC chantier\Code RC\Open Node RC 
Core/src/sound_module/system/debug/dashboard_sound.cpp:173: undefined 
reference to `dPre()'
c:/users/arnaud/.platformio/packages/toolchain-xtensa-esp32@8.4.0+2021r2-patch5
/bin/../lib/gcc/xtensa-esp32-elf/8.4.0/../../../../xtensa-esp32-elf/bin/ld.exe:
 C:\Users\Arnaud\Documents\Mod\xe8lisme\RC chantier\Code RC\Open Node RC 
Core/src/sound_module/system/debug/dashboard_sound.cpp:184: undefined 
reference to `dTop()'
c:/users/arnaud/.platformio/packages/toolchain-xtensa-esp32@8.4.0+2021r2-patch5
/bin/../lib/gcc/xtensa-esp32-elf/8.4.0/../../../../xtensa-esp32-elf/bin/ld.exe:
 C:\Users\Arnaud\Documents\Mod\xe8lisme\RC chantier\Code RC\Open Node RC 
Core/src/sound_module/system/debug/dashboard_sound.cpp:185: undefined 
reference to `dLine(char const*, ...)'
c:/users/arnaud/.platformio/packages/toolchain-xtensa-esp32@8.4.0+2021r2-patch5
/bin/../lib/gcc/xtensa-esp32-elf/8.4.0/../../../../xtensa-esp32-elf/bin/ld.exe:
 C:\Users\Arnaud\Documents\Mod\xe8lisme\RC chantier\Code RC\Open Node RC 
Core/src/sound_module/system/debug/dashboard_sound.cpp:186: undefined 
reference to `dMid()'
c:/users/arnaud/.platformio/packages/toolchain-xtensa-esp32@8.4.0+2021r2-patch5
/bin/../lib/gcc/xtensa-esp32-elf/8.4.0/../../../../xtensa-esp32-elf/bin/ld.exe:
 C:\Users\Arnaud\Documents\Mod\xe8lisme\RC chantier\Code RC\Open Node RC 
Core/src/sound_module/system/debug/dashboard_sound.cpp:192: undefined 
reference to `dLine(char const*, ...)'
c:/users/arnaud/.platformio/packages/toolchain-xtensa-esp32@8.4.0+2021r2-patch5
/bin/../lib/gcc/xtensa-esp32-elf/8.4.0/../../../../xtensa-esp32-elf/bin/ld.exe:
 C:\Users\Arnaud\Documents\Mod\xe8lisme\RC chantier\Code RC\Open Node RC 
Core/src/sound_module/system/debug/dashboard_sound.cpp:193: undefined 
reference to `dMidLabel(char const*)'
c:/users/arnaud/.platformio/packages/toolchain-xtensa-esp32@8.4.0+2021r2-patch5
/bin/../lib/gcc/xtensa-esp32-elf/8.4.0/../../../../xtensa-esp32-elf/bin/ld.exe:
 C:\Users\Arnaud\Documents\Mod\xe8lisme\RC chantier\Code RC\Open Node RC 
Core/src/sound_module/system/debug/dashboard_sound.cpp:200: undefined 
reference to `dLine(char const*, ...)'
c:/users/arnaud/.platformio/packages/toolchain-xtensa-esp32@8.4.0+2021r2-patch5
/bin/../lib/gcc/xtensa-esp32-elf/8.4.0/../../../../xtensa-esp32-elf/bin/ld.exe:
 C:\Users\Arnaud\Documents\Mod\xe8lisme\RC chantier\Code RC\Open Node RC 
Core/src/sound_module/system/debug/dashboard_sound.cpp:205: undefined 
reference to `dLine(char const*, ...)'
c:/users/arnaud/.platformio/packages/toolchain-xtensa-esp32@8.4.0+2021r2-patch5
/bin/../lib/gcc/xtensa-esp32-elf/8.4.0/../../../../xtensa-esp32-elf/bin/ld.exe:
 C:\Users\Arnaud\Documents\Mod\xe8lisme\RC chantier\Code RC\Open Node RC 
Core/src/sound_module/system/debug/dashboard_sound.cpp:208: undefined 
reference to `dLine(char const*, ...)'
c:/users/arnaud/.platformio/packages/toolchain-xtensa-esp32@8.4.0+2021r2-patch5
/bin/../lib/gcc/xtensa-esp32-elf/8.4.0/../../../../xtensa-esp32-elf/bin/ld.exe:
 C:\Users\Arnaud\Documents\Mod\xe8lisme\RC chantier\Code RC\Open Node RC 
Core/src/sound_module/system/debug/dashboard_sound.cpp:221: undefined 
reference to `dLine(char const*, ...)'
c:/users/arnaud/.platformio/packages/toolchain-xtensa-esp32@8.4.0+2021r2-patch5
/bin/../lib/gcc/xtensa-esp32-elf/8.4.0/../../../../xtensa-esp32-elf/bin/ld.exe:
 C:\Users\Arnaud\Documents\Mod\xe8lisme\RC chantier\Code RC\Open Node RC 
Core/src/sound_module/system/debug/dashboard_sound.cpp:221: undefined 
reference to `dBot()'
c:/users/arnaud/.platformio/packages/toolchain-xtensa-esp32@8.4.0+2021r2-patch5
/bin/../lib/gcc/xtensa-esp32-elf/8.4.0/../../../../xtensa-esp32-elf/bin/ld.exe:
 C:\Users\Arnaud\Documents\Mod\xe8lisme\RC chantier\Code RC\Open Node RC 
Core/src/sound_module/system/debug/dashboard_sound.cpp:176: undefined 
reference to `dLine(char const*, ...)'
c:/users/arnaud/.platformio/packages/toolchain-xtensa-esp32@8.4.0+2021r2-patch5
/bin/../lib/gcc/xtensa-esp32-elf/8.4.0/../../../../xtensa-esp32-elf/bin/ld.exe:
 C:\Users\Arnaud\Documents\Mod\xe8lisme\RC chantier\Code RC\Open Node RC 
Core/src/sound_module/system/debug/dashboard_sound.cpp:176: undefined 
reference to `dLine(char const*, ...)'
c:/users/arnaud/.platformio/packages/toolchain-xtensa-esp32@8.4.0+2021r2-patch5
/bin/../lib/gcc/xtensa-esp32-elf/8.4.0/../../../../xtensa-esp32-elf/bin/ld.exe:
 C:\Users\Arnaud\Documents\Mod\xe8lisme\RC chantier\Code RC\Open Node RC 
Core/src/sound_module/system/debug/dashboard_sound.cpp:177: undefined 
reference to `dLine(char const*, ...)'
c:/users/arnaud/.platformio/packages/toolchain-xtensa-esp32@8.4.0+2021r2-patch5
/bin/../lib/gcc/xtensa-esp32-elf/8.4.0/../../../../xtensa-esp32-elf/bin/ld.exe:
 C:/Users/Arnaud/AppData/Local/Temp/PlatformIO/build/Open_Node_RC_Core/sound_no
de_volvo/src/sound_module/system/debug/dashboard_sound.cpp.o: in function 
`render_sound_view()':
C:\Users\Arnaud\Documents\Mod\xe8lisme\RC chantier\Code RC\Open Node RC 
Core/src/sound_module/system/debug/dashboard_sound.cpp:215: undefined 
reference to `fmtUptime(char*, unsigned int)'
c:/users/arnaud/.platformio/packages/toolchain-xtensa-esp32@8.4.0+2021r2-patch5
/bin/../lib/gcc/xtensa-esp32-elf/8.4.0/../../../../xtensa-esp32-elf/bin/ld.exe:
 C:\Users\Arnaud\Documents\Mod\xe8lisme\RC chantier\Code RC\Open Node RC 
Core/src/sound_module/system/debug/dashboard_sound.cpp:229: undefined 
reference to `dPre()'
c:/users/arnaud/.platformio/packages/toolchain-xtensa-esp32@8.4.0+2021r2-patch5
/bin/../lib/gcc/xtensa-esp32-elf/8.4.0/../../../../xtensa-esp32-elf/bin/ld.exe:
 C:\Users\Arnaud\Documents\Mod\xe8lisme\RC chantier\Code RC\Open Node RC 
Core/src/sound_module/system/debug/dashboard_sound.cpp:229: undefined 
reference to `dTop()'
c:/users/arnaud/.platformio/packages/toolchain-xtensa-esp32@8.4.0+2021r2-patch5
/bin/../lib/gcc/xtensa-esp32-elf/8.4.0/../../../../xtensa-esp32-elf/bin/ld.exe:
 C:\Users\Arnaud\Documents\Mod\xe8lisme\RC chantier\Code RC\Open Node RC 
Core/src/sound_module/system/debug/dashboard_sound.cpp:79: undefined reference 
to `dLine(char const*, ...)'
c:/users/arnaud/.platformio/packages/toolchain-xtensa-esp32@8.4.0+2021r2-patch5
/bin/../lib/gcc/xtensa-esp32-elf/8.4.0/../../../../xtensa-esp32-elf/bin/ld.exe:
 C:\Users\Arnaud\Documents\Mod\xe8lisme\RC chantier\Code RC\Open Node RC 
Core/src/sound_module/system/debug/dashboard_sound.cpp:79: undefined reference 
to `dMid()'
c:/users/arnaud/.platformio/packages/toolchain-xtensa-esp32@8.4.0+2021r2-patch5
/bin/../lib/gcc/xtensa-esp32-elf/8.4.0/../../../../xtensa-esp32-elf/bin/ld.exe:
 C:\Users\Arnaud\Documents\Mod\xe8lisme\RC chantier\Code RC\Open Node RC 
Core/src/sound_module/system/debug/dashboard_sound.cpp:84: undefined reference 
to `dLine(char const*, ...)'
c:/users/arnaud/.platformio/packages/toolchain-xtensa-esp32@8.4.0+2021r2-patch5
/bin/../lib/gcc/xtensa-esp32-elf/8.4.0/../../../../xtensa-esp32-elf/bin/ld.exe:
 C:\Users\Arnaud\Documents\Mod\xe8lisme\RC chantier\Code RC\Open Node RC 
Core/src/sound_module/system/debug/dashboard_sound.cpp:90: undefined reference 
to `dLine(char const*, ...)'
c:/users/arnaud/.platformio/packages/toolchain-xtensa-esp32@8.4.0+2021r2-patch5
/bin/../lib/gcc/xtensa-esp32-elf/8.4.0/../../../../xtensa-esp32-elf/bin/ld.exe:
 C:\Users\Arnaud\Documents\Mod\xe8lisme\RC chantier\Code RC\Open Node RC 
Core/src/sound_module/system/debug/dashboard_sound.cpp:90: undefined reference 
to `dMid()'
c:/users/arnaud/.platformio/packages/toolchain-xtensa-esp32@8.4.0+2021r2-patch5
/bin/../lib/gcc/xtensa-esp32-elf/8.4.0/../../../../xtensa-esp32-elf/bin/ld.exe:
 C:\Users\Arnaud\Documents\Mod\xe8lisme\RC chantier\Code RC\Open Node RC 
Core/src/sound_module/system/debug/dashboard_sound.cpp:97: undefined reference 
to `dLine(char const*, ...)'
c:/users/arnaud/.platformio/packages/toolchain-xtensa-esp32@8.4.0+2021r2-patch5
/bin/../lib/gcc/xtensa-esp32-elf/8.4.0/../../../../xtensa-esp32-elf/bin/ld.exe:
 C:\Users\Arnaud\Documents\Mod\xe8lisme\RC chantier\Code RC\Open Node RC 
Core/src/sound_module/system/debug/dashboard_sound.cpp:97: undefined reference 
to `dMid()'
c:/users/arnaud/.platformio/packages/toolchain-xtensa-esp32@8.4.0+2021r2-patch5
/bin/../lib/gcc/xtensa-esp32-elf/8.4.0/../../../../xtensa-esp32-elf/bin/ld.exe:
 C:\Users\Arnaud\Documents\Mod\xe8lisme\RC chantier\Code RC\Open Node RC 
Core/src/sound_module/system/debug/dashboard_sound.cpp:125: undefined 
reference to `dLine(char const*, ...)'
c:/users/arnaud/.platformio/packages/toolchain-xtensa-esp32@8.4.0+2021r2-patch5
/bin/../lib/gcc/xtensa-esp32-elf/8.4.0/../../../../xtensa-esp32-elf/bin/ld.exe:
 C:\Users\Arnaud\Documents\Mod\xe8lisme\RC chantier\Code RC\Open Node RC 
Core/src/sound_module/system/debug/dashboard_sound.cpp:118: undefined 
reference to `dBot()'
c:/users/arnaud/.platformio/packages/toolchain-xtensa-esp32@8.4.0+2021r2-patch5
/bin/../lib/gcc/xtensa-esp32-elf/8.4.0/../../../../xtensa-esp32-elf/bin/ld.exe:
 C:/Users/Arnaud/AppData/Local/Temp/PlatformIO/build/Open_Node_RC_Core/sound_no
de_volvo/src/sound_module/system/debug/dashboard_sound.cpp.o: in function 
`dashboard_sound_setup()':
C:\Users\Arnaud\Documents\Mod\xe8lisme\RC chantier\Code RC\Open Node RC 
Core/src/sound_module/system/debug/dashboard_sound.cpp:123: undefined 
reference to `dashboard_setup()'
c:/users/arnaud/.platformio/packages/toolchain-xtensa-esp32@8.4.0+2021r2-patch5
/bin/../lib/gcc/xtensa-esp32-elf/8.4.0/../../../../xtensa-esp32-elf/bin/ld.exe:
 C:\Users\Arnaud\Documents\Mod\xe8lisme\RC chantier\Code RC\Open Node RC 
Core/src/sound_module/system/debug/dashboard_sound.cpp:130: undefined 
reference to `dashboard_register_slot(unsigned char, char const*, void (*)())'
c:/users/arnaud/.platformio/packages/toolchain-xtensa-esp32@8.4.0+2021r2-patch5
/bin/../lib/gcc/xtensa-esp32-elf/8.4.0/../../../../xtensa-esp32-elf/bin/ld.exe:
 C:\Users\Arnaud\Documents\Mod\xe8lisme\RC chantier\Code RC\Open Node RC 
Core/src/sound_module/system/debug/dashboard_sound.cpp:130: undefined 
reference to `dashboard_register_detail(unsigned char, unsigned char (*)(), 
void (*)())'
c:/users/arnaud/.platformio/packages/toolchain-xtensa-esp32@8.4.0+2021r2-patch5
/bin/../lib/gcc/xtensa-esp32-elf/8.4.0/../../../../xtensa-esp32-elf/bin/ld.exe:
 C:\Users\Arnaud\Documents\Mod\xe8lisme\RC chantier\Code RC\Open Node RC 
Core/src/sound_module/system/debug/dashboard_sound.cpp:249: undefined 
reference to `dashboard_start_task()'
c:/users/arnaud/.platformio/packages/toolchain-xtensa-esp32@8.4.0+2021r2-patch5
/bin/../lib/gcc/xtensa-esp32-elf/8.4.0/../../../../xtensa-esp32-elf/bin/ld.exe:
 C:/Users/Arnaud/AppData/Local/Temp/PlatformIO/build/Open_Node_RC_Core/sound_no
de_volvo/src/core/system/hw/dev/drv_dev.cpp.o: in function 
`_dash_push_log(char const*)':
C:\Users\Arnaud\Documents\Mod\xe8lisme\RC chantier\Code RC\Open Node RC 
Core/src/core/system/debug/debug.h:147: undefined reference to 
`dashboard_push_log(char const*)'
c:/users/arnaud/.platformio/packages/toolchain-xtensa-esp32@8.4.0+2021r2-patch5
/bin/../lib/gcc/xtensa-esp32-elf/8.4.0/../../../../xtensa-esp32-elf/bin/ld.exe:
 C:\Users\Arnaud\Documents\Mod\xe8lisme\RC chantier\Code RC\Open Node RC 
Core/src/core/system/debug/debug.h:147: undefined reference to 
`dashboard_serial_trylock()'
c:/users/arnaud/.platformio/packages/toolchain-xtensa-esp32@8.4.0+2021r2-patch5
/bin/../lib/gcc/xtensa-esp32-elf/8.4.0/../../../../xtensa-esp32-elf/bin/ld.exe:
 C:/Users/Arnaud/AppData/Local/Temp/PlatformIO/build/Open_Node_RC_Core/sound_no
de_volvo/src/core/system/hw/dev/drv_dev.cpp.o: in function `void 
log_impl<(unsigned char)3, true>(char const*)':
C:\Users\Arnaud\Documents\Mod\xe8lisme\RC chantier\Code RC\Open Node RC 
Core/src/core/system/debug/debug.h:200: undefined reference to 
`dashboard_serial_unlock()'
collect2.exe: error: ld returned 1 exit status
*** [C:\Users\Arnaud\AppData\Local\Temp\PlatformIO\build\Open_Node_RC_Core\soun
d_node_volvo\firmware.elf] Error 1
========================= [FAILED] Took 18.87 seconds =========================

Environment       Status    Duration
----------------  --------  ------------
sound_node_volvo  FAILED    00:00:18.867
==================== 1 failed, 0 succeeded in 00:00:18.867 ====================
