Verbosity level can be increased via `-v, -vv, or -vvv` option
Collected 1 tests

Processing test_combus_loopback in test_combus_loopback environment
--------------------------------------------------------------------------------
Building...
test/test_combus_loopback/test_combus_loopback.cpp: In function 'void test_md5_resolution_remote()':
test/test_combus_loopback/test_combus_loopback.cpp:590:24: error: no match for 'operator=' (operand types are 'std::optional<ComBusFrameCfg>' and 'std::nullptr_t')
     link.txCfg       = nullptr;  // skip TX init
                        ^~~~~~~
In file included from c:\users\arnaud\.platformio\packages\toolchain-xtensa-esp32@8.4.0+2021r2-patch5\xtensa-esp32-elf\include\c++\8.4.0\bits\node_handle.h:39,
                 from c:\users\arnaud\.platformio\packages\toolchain-xtensa-esp32@8.4.0+2021r2-patch5\xtensa-esp32-elf\include\c++\8.4.0\bits\hashtable.h:37,
                 from c:\users\arnaud\.platformio\packages\toolchain-xtensa-esp32@8.4.0+2021r2-patch5\xtensa-esp32-elf\include\c++\8.4.0\unordered_map:46,
                 from c:\users\arnaud\.platformio\packages\toolchain-xtensa-esp32@8.4.0+2021r2-patch5\xtensa-esp32-elf\include\c++\8.4.0\functional:61,
                 from C:/Users/Arnaud/.platformio/packages/framework-arduinoespressif32/cores/esp32/HardwareSerial.h:49,
                 from C:/Users/Arnaud/.platformio/packages/framework-arduinoespressif32/cores/esp32/Arduino.h:196,
                 from test/test_combus_loopback/test_combus_loopback.cpp:51:
c:\users\arnaud\.platformio\packages\toolchain-xtensa-esp32@8.4.0+2021r2-patch5\xtensa-esp32-elf\include\c++\8.4.0\optional:1060:7: note: candidate: 'std::optional<_Tp>& std::optional<_Tp>::operator=(std::nullopt_t) [with _Tp = ComBusFrameCfg]'
       operator=(nullopt_t) noexcept
       ^~~~~~~~
c:\users\arnaud\.platformio\packages\toolchain-xtensa-esp32@8.4.0+2021r2-patch5\xtensa-esp32-elf\include\c++\8.4.0\optional:1060:7: note:   no known conversion for argument 1 from 'std::nullptr_t' to 'std::nullopt_t'
c:\users\arnaud\.platformio\packages\toolchain-xtensa-esp32@8.4.0+2021r2-patch5\xtensa-esp32-elf\include\c++\8.4.0\optional:1074:9: note: candidate: 'template<class _Up> std::enable_if_t<std::__and_<std::__not_<std::is_same<std::optional<_Tp>, typename std::decay<_U1>::type> >, std::is_constructible<_Tp, _Up>, std::__not_<std::__and_<std::is_scalar<_Tp>, std::is_same<_Tp, typename std::decay<_U1>::type> > >, std::is_assignable<_Tp&, _Up> >::value, std::optional<_Tp>&> std::optional<_Tp>::operator=(_Up&&) [with _Up = _Up; _Tp = ComBusFrameCfg]'
         operator=(_Up&& __u)
         ^~~~~~~~
c:\users\arnaud\.platformio\packages\toolchain-xtensa-esp32@8.4.0+2021r2-patch5\xtensa-esp32-elf\include\c++\8.4.0\optional:1074:9: note:   template argument deduction/substitution failed:
c:\users\arnaud\.platformio\packages\toolchain-xtensa-esp32@8.4.0+2021r2-patch5\xtensa-esp32-elf\include\c++\8.4.0\optional:1093:9: note: candidate: 'template<class _Up> std::enable_if_t<std::__and_<std::__not_<std::is_same<_T1, _U1> >, std::is_constructible<_Tp, const _Up&>, std::is_assignable<_Tp&, _Up>, std::__not_<std::__or_<std::is_constructible<_Tp, const std::optional<_Up>&>, std::is_constructible<_Tp, std::optional<_Up>&>, std::is_constructible<_Tp, const std::optional<_Up>&&>, std::is_constructible<_Tp, std::optional<_Up>&&>, std::is_convertible<const std::optional<_Up>&, _Tp>, std::is_convertible<std::optional<_Up>&, _Tp>, std::is_convertible<const std::optional<_Up>&&, _Tp>, std::is_convertible<std::optional<_Up>&&, _Tp> > >, std::__not_<std::__or_<std::is_assignable<_Tp&, const std::optional<_Up>&>, std::is_assignable<_Tp&, std::optional<_Up>&>, std::is_assignable<_Tp&, const std::optional<_Up>&&>, std::is_assignable<_Tp&, std::optional<_Up>&&> > > >::value, std::optional<_Tp>&> std::optional<_Tp>::operator=(const std::optional<_Up>&) [with _Up = _Up; _Tp = ComBusFrameCfg]'
         operator=(const optional<_Up>& __u)
         ^~~~~~~~
c:\users\arnaud\.platformio\packages\toolchain-xtensa-esp32@8.4.0+2021r2-patch5\xtensa-esp32-elf\include\c++\8.4.0\optional:1093:9: note:   template argument deduction/substitution failed:
test/test_combus_loopback/test_combus_loopback.cpp:590:24: note:   mismatched types 'const std::optional<_Tp>' and 'std::nullptr_t'
     link.txCfg       = nullptr;  // skip TX init
                        ^~~~~~~
In file included from c:\users\arnaud\.platformio\packages\toolchain-xtensa-esp32@8.4.0+2021r2-patch5\xtensa-esp32-elf\include\c++\8.4.0\bits\node_handle.h:39,
                 from c:\users\arnaud\.platformio\packages\toolchain-xtensa-esp32@8.4.0+2021r2-patch5\xtensa-esp32-elf\include\c++\8.4.0\bits\hashtable.h:37,
                 from c:\users\arnaud\.platformio\packages\toolchain-xtensa-esp32@8.4.0+2021r2-patch5\xtensa-esp32-elf\include\c++\8.4.0\unordered_map:46,
                 from c:\users\arnaud\.platformio\packages\toolchain-xtensa-esp32@8.4.0+2021r2-patch5\xtensa-esp32-elf\include\c++\8.4.0\functional:61,
                 from C:/Users/Arnaud/.platformio/packages/framework-arduinoespressif32/cores/esp32/HardwareSerial.h:49,
                 from C:/Users/Arnaud/.platformio/packages/framework-arduinoespressif32/cores/esp32/Arduino.h:196,
                 from test/test_combus_loopback/test_combus_loopback.cpp:51:
c:\users\arnaud\.platformio\packages\toolchain-xtensa-esp32@8.4.0+2021r2-patch5\xtensa-esp32-elf\include\c++\8.4.0\optional:1118:9: note: candidate: 'template<class _Up> std::enable_if_t<std::__and_<std::__not_<std::is_same<_T1, _U1> >, std::is_constructible<_Tp, _Up>, std::is_assignable<_Tp&, _Up>, std::__not_<std::__or_<std::is_constructible<_Tp, const std::optional<_Up>&>, std::is_constructible<_Tp, std::optional<_Up>&>, std::is_constructible<_Tp, const std::optional<_Up>&&>, std::is_constructible<_Tp, std::optional<_Up>&&>, std::is_convertible<const std::optional<_Up>&, _Tp>, std::is_convertible<std::optional<_Up>&, _Tp>, std::is_convertible<const std::optional<_Up>&&, _Tp>, std::is_convertible<std::optional<_Up>&&, _Tp> > >, std::__not_<std::__or_<std::is_assignable<_Tp&, const std::optional<_Up>&>, std::is_assignable<_Tp&, std::optional<_Up>&>, std::is_assignable<_Tp&, const std::optional<_Up>&&>, std::is_assignable<_Tp&, std::optional<_Up>&&> > > >::value, std::optional<_Tp>&> std::optional<_Tp>::operator=(std::optional<_Up>&&) [with _Up = _Up; _Tp = ComBusFrameCfg]'
         operator=(optional<_Up>&& __u)
         ^~~~~~~~
c:\users\arnaud\.platformio\packages\toolchain-xtensa-esp32@8.4.0+2021r2-patch5\xtensa-esp32-elf\include\c++\8.4.0\optional:1118:9: note:   template argument deduction/substitution failed:
test/test_combus_loopback/test_combus_loopback.cpp:590:24: note:   mismatched types 'std::optional<_Tp>' and 'std::nullptr_t'
     link.txCfg       = nullptr;  // skip TX init
                        ^~~~~~~
In file included from c:\users\arnaud\.platformio\packages\toolchain-xtensa-esp32@8.4.0+2021r2-patch5\xtensa-esp32-elf\include\c++\8.4.0\bits\node_handle.h:39,
                 from c:\users\arnaud\.platformio\packages\toolchain-xtensa-esp32@8.4.0+2021r2-patch5\xtensa-esp32-elf\include\c++\8.4.0\bits\hashtable.h:37,
                 from c:\users\arnaud\.platformio\packages\toolchain-xtensa-esp32@8.4.0+2021r2-patch5\xtensa-esp32-elf\include\c++\8.4.0\unordered_map:46,
                 from c:\users\arnaud\.platformio\packages\toolchain-xtensa-esp32@8.4.0+2021r2-patch5\xtensa-esp32-elf\include\c++\8.4.0\functional:61,
                 from C:/Users/Arnaud/.platformio/packages/framework-arduinoespressif32/cores/esp32/HardwareSerial.h:49,
                 from C:/Users/Arnaud/.platformio/packages/framework-arduinoespressif32/cores/esp32/Arduino.h:196,
                 from test/test_combus_loopback/test_combus_loopback.cpp:51:
c:\users\arnaud\.platformio\packages\toolchain-xtensa-esp32@8.4.0+2021r2-patch5\xtensa-esp32-elf\include\c++\8.4.0\optional:943:11: note: candidate: 'constexpr std::optional<ComBusFrameCfg>& std::optional<ComBusFrameCfg>::operator=(const std::optional<ComBusFrameCfg>&)'
     class optional
           ^~~~~~~~
c:\users\arnaud\.platformio\packages\toolchain-xtensa-esp32@8.4.0+2021r2-patch5\xtensa-esp32-elf\include\c++\8.4.0\optional:943:11: note:   no known conversion for argument 1 from 'std::nullptr_t' to 'const std::optional<ComBusFrameCfg>&'
c:\users\arnaud\.platformio\packages\toolchain-xtensa-esp32@8.4.0+2021r2-patch5\xtensa-esp32-elf\include\c++\8.4.0\optional:943:11: note: candidate: 'constexpr std::optional<ComBusFrameCfg>& std::optional<ComBusFrameCfg>::operator=(std::optional<ComBusFrameCfg>&&)'
c:\users\arnaud\.platformio\packages\toolchain-xtensa-esp32@8.4.0+2021r2-patch5\xtensa-esp32-elf\include\c++\8.4.0\optional:943:11: note:   no known conversion for argument 1 from 'std::nullptr_t' to 'std::optional<ComBusFrameCfg>&&'
test/test_combus_loopback/test_combus_loopback.cpp:591:24: error: no match for 'operator=' (operand types are 'std::optional<ComBusFrameCfg>' and 'std::nullptr_t')
     link.rxCfg       = nullptr;  // skip RX init
                        ^~~~~~~
In file included from c:\users\arnaud\.platformio\packages\toolchain-xtensa-esp32@8.4.0+2021r2-patch5\xtensa-esp32-elf\include\c++\8.4.0\bits\node_handle.h:39,
                 from c:\users\arnaud\.platformio\packages\toolchain-xtensa-esp32@8.4.0+2021r2-patch5\xtensa-esp32-elf\include\c++\8.4.0\bits\hashtable.h:37,
                 from c:\users\arnaud\.platformio\packages\toolchain-xtensa-esp32@8.4.0+2021r2-patch5\xtensa-esp32-elf\include\c++\8.4.0\unordered_map:46,
                 from c:\users\arnaud\.platformio\packages\toolchain-xtensa-esp32@8.4.0+2021r2-patch5\xtensa-esp32-elf\include\c++\8.4.0\functional:61,
                 from C:/Users/Arnaud/.platformio/packages/framework-arduinoespressif32/cores/esp32/HardwareSerial.h:49,
                 from C:/Users/Arnaud/.platformio/packages/framework-arduinoespressif32/cores/esp32/Arduino.h:196,
                 from test/test_combus_loopback/test_combus_loopback.cpp:51:
c:\users\arnaud\.platformio\packages\toolchain-xtensa-esp32@8.4.0+2021r2-patch5\xtensa-esp32-elf\include\c++\8.4.0\optional:1060:7: note: candidate: 'std::optional<_Tp>& std::optional<_Tp>::operator=(std::nullopt_t) [with _Tp = ComBusFrameCfg]'
       operator=(nullopt_t) noexcept
       ^~~~~~~~
c:\users\arnaud\.platformio\packages\toolchain-xtensa-esp32@8.4.0+2021r2-patch5\xtensa-esp32-elf\include\c++\8.4.0\optional:1060:7: note:   no known conversion for argument 1 from 'std::nullptr_t' to 'std::nullopt_t'
c:\users\arnaud\.platformio\packages\toolchain-xtensa-esp32@8.4.0+2021r2-patch5\xtensa-esp32-elf\include\c++\8.4.0\optional:1074:9: note: candidate: 'template<class _Up> std::enable_if_t<std::__and_<std::__not_<std::is_same<std::optional<_Tp>, typename std::decay<_U1>::type> >, std::is_constructible<_Tp, _Up>, std::__not_<std::__and_<std::is_scalar<_Tp>, std::is_same<_Tp, typename std::decay<_U1>::type> > >, std::is_assignable<_Tp&, _Up> >::value, std::optional<_Tp>&> std::optional<_Tp>::operator=(_Up&&) [with _Up = _Up; _Tp = ComBusFrameCfg]'
         operator=(_Up&& __u)
         ^~~~~~~~
c:\users\arnaud\.platformio\packages\toolchain-xtensa-esp32@8.4.0+2021r2-patch5\xtensa-esp32-elf\include\c++\8.4.0\optional:1074:9: note:   template argument deduction/substitution failed:
c:\users\arnaud\.platformio\packages\toolchain-xtensa-esp32@8.4.0+2021r2-patch5\xtensa-esp32-elf\include\c++\8.4.0\optional:1093:9: note: candidate: 'template<class _Up> std::enable_if_t<std::__and_<std::__not_<std::is_same<_T1, _U1> >, std::is_constructible<_Tp, const _Up&>, std::is_assignable<_Tp&, _Up>, std::__not_<std::__or_<std::is_constructible<_Tp, const std::optional<_Up>&>, std::is_constructible<_Tp, std::optional<_Up>&>, std::is_constructible<_Tp, const std::optional<_Up>&&>, std::is_constructible<_Tp, std::optional<_Up>&&>, std::is_convertible<const std::optional<_Up>&, _Tp>, std::is_convertible<std::optional<_Up>&, _Tp>, std::is_convertible<const std::optional<_Up>&&, _Tp>, std::is_convertible<std::optional<_Up>&&, _Tp> > >, std::__not_<std::__or_<std::is_assignable<_Tp&, const std::optional<_Up>&>, std::is_assignable<_Tp&, std::optional<_Up>&>, std::is_assignable<_Tp&, const std::optional<_Up>&&>, std::is_assignable<_Tp&, std::optional<_Up>&&> > > >::value, std::optional<_Tp>&> std::optional<_Tp>::operator=(const std::optional<_Up>&) [with _Up = _Up; _Tp = ComBusFrameCfg]'
         operator=(const optional<_Up>& __u)
         ^~~~~~~~
c:\users\arnaud\.platformio\packages\toolchain-xtensa-esp32@8.4.0+2021r2-patch5\xtensa-esp32-elf\include\c++\8.4.0\optional:1093:9: note:   template argument deduction/substitution failed:
test/test_combus_loopback/test_combus_loopback.cpp:591:24: note:   mismatched types 'const std::optional<_Tp>' and 'std::nullptr_t'
     link.rxCfg       = nullptr;  // skip RX init
                        ^~~~~~~
In file included from c:\users\arnaud\.platformio\packages\toolchain-xtensa-esp32@8.4.0+2021r2-patch5\xtensa-esp32-elf\include\c++\8.4.0\bits\node_handle.h:39,
                 from c:\users\arnaud\.platformio\packages\toolchain-xtensa-esp32@8.4.0+2021r2-patch5\xtensa-esp32-elf\include\c++\8.4.0\bits\hashtable.h:37,
                 from c:\users\arnaud\.platformio\packages\toolchain-xtensa-esp32@8.4.0+2021r2-patch5\xtensa-esp32-elf\include\c++\8.4.0\unordered_map:46,
                 from c:\users\arnaud\.platformio\packages\toolchain-xtensa-esp32@8.4.0+2021r2-patch5\xtensa-esp32-elf\include\c++\8.4.0\functional:61,
                 from C:/Users/Arnaud/.platformio/packages/framework-arduinoespressif32/cores/esp32/HardwareSerial.h:49,
                 from C:/Users/Arnaud/.platformio/packages/framework-arduinoespressif32/cores/esp32/Arduino.h:196,
                 from test/test_combus_loopback/test_combus_loopback.cpp:51:
c:\users\arnaud\.platformio\packages\toolchain-xtensa-esp32@8.4.0+2021r2-patch5\xtensa-esp32-elf\include\c++\8.4.0\optional:1118:9: note: candidate: 'template<class _Up> std::enable_if_t<std::__and_<std::__not_<std::is_same<_T1, _U1> >, std::is_constructible<_Tp, _Up>, std::is_assignable<_Tp&, _Up>, std::__not_<std::__or_<std::is_constructible<_Tp, const std::optional<_Up>&>, std::is_constructible<_Tp, std::optional<_Up>&>, std::is_constructible<_Tp, const std::optional<_Up>&&>, std::is_constructible<_Tp, std::optional<_Up>&&>, std::is_convertible<const std::optional<_Up>&, _Tp>, std::is_convertible<std::optional<_Up>&, _Tp>, std::is_convertible<const std::optional<_Up>&&, _Tp>, std::is_convertible<std::optional<_Up>&&, _Tp> > >, std::__not_<std::__or_<std::is_assignable<_Tp&, const std::optional<_Up>&>, std::is_assignable<_Tp&, std::optional<_Up>&>, std::is_assignable<_Tp&, const std::optional<_Up>&&>, std::is_assignable<_Tp&, std::optional<_Up>&&> > > >::value, std::optional<_Tp>&> std::optional<_Tp>::operator=(std::optional<_Up>&&) [with _Up = _Up; _Tp = ComBusFrameCfg]'
         operator=(optional<_Up>&& __u)
         ^~~~~~~~
c:\users\arnaud\.platformio\packages\toolchain-xtensa-esp32@8.4.0+2021r2-patch5\xtensa-esp32-elf\include\c++\8.4.0\optional:1118:9: note:   template argument deduction/substitution failed:
test/test_combus_loopback/test_combus_loopback.cpp:591:24: note:   mismatched types 'std::optional<_Tp>' and 'std::nullptr_t'
     link.rxCfg       = nullptr;  // skip RX init
                        ^~~~~~~
In file included from c:\users\arnaud\.platformio\packages\toolchain-xtensa-esp32@8.4.0+2021r2-patch5\xtensa-esp32-elf\include\c++\8.4.0\bits\node_handle.h:39,
                 from c:\users\arnaud\.platformio\packages\toolchain-xtensa-esp32@8.4.0+2021r2-patch5\xtensa-esp32-elf\include\c++\8.4.0\bits\hashtable.h:37,
                 from c:\users\arnaud\.platformio\packages\toolchain-xtensa-esp32@8.4.0+2021r2-patch5\xtensa-esp32-elf\include\c++\8.4.0\unordered_map:46,
                 from c:\users\arnaud\.platformio\packages\toolchain-xtensa-esp32@8.4.0+2021r2-patch5\xtensa-esp32-elf\include\c++\8.4.0\functional:61,
                 from C:/Users/Arnaud/.platformio/packages/framework-arduinoespressif32/cores/esp32/HardwareSerial.h:49,
                 from C:/Users/Arnaud/.platformio/packages/framework-arduinoespressif32/cores/esp32/Arduino.h:196,
                 from test/test_combus_loopback/test_combus_loopback.cpp:51:
c:\users\arnaud\.platformio\packages\toolchain-xtensa-esp32@8.4.0+2021r2-patch5\xtensa-esp32-elf\include\c++\8.4.0\optional:943:11: note: candidate: 'constexpr std::optional<ComBusFrameCfg>& std::optional<ComBusFrameCfg>::operator=(const std::optional<ComBusFrameCfg>&)'
     class optional
           ^~~~~~~~
c:\users\arnaud\.platformio\packages\toolchain-xtensa-esp32@8.4.0+2021r2-patch5\xtensa-esp32-elf\include\c++\8.4.0\optional:943:11: note:   no known conversion for argument 1 from 'std::nullptr_t' to 'const std::optional<ComBusFrameCfg>&'
c:\users\arnaud\.platformio\packages\toolchain-xtensa-esp32@8.4.0+2021r2-patch5\xtensa-esp32-elf\include\c++\8.4.0\optional:943:11: note: candidate: 'constexpr std::optional<ComBusFrameCfg>& std::optional<ComBusFrameCfg>::operator=(std::optional<ComBusFrameCfg>&&)'
c:\users\arnaud\.platformio\packages\toolchain-xtensa-esp32@8.4.0+2021r2-patch5\xtensa-esp32-elf\include\c++\8.4.0\optional:943:11: note:   no known conversion for argument 1 from 'std::nullptr_t' to 'std::optional<ComBusFrameCfg>&&'
test/test_combus_loopback/test_combus_loopback.cpp: In function 'void test_md5_resolution_local()':
test/test_combus_loopback/test_combus_loopback.cpp:611:24: error: no match for 'operator=' (operand types are 'std::optional<ComBusFrameCfg>' and 'std::nullptr_t')
     link.txCfg       = nullptr;
                        ^~~~~~~
In file included from c:\users\arnaud\.platformio\packages\toolchain-xtensa-esp32@8.4.0+2021r2-patch5\xtensa-esp32-elf\include\c++\8.4.0\bits\node_handle.h:39,
                 from c:\users\arnaud\.platformio\packages\toolchain-xtensa-esp32@8.4.0+2021r2-patch5\xtensa-esp32-elf\include\c++\8.4.0\bits\hashtable.h:37,
                 from c:\users\arnaud\.platformio\packages\toolchain-xtensa-esp32@8.4.0+2021r2-patch5\xtensa-esp32-elf\include\c++\8.4.0\unordered_map:46,
                 from c:\users\arnaud\.platformio\packages\toolchain-xtensa-esp32@8.4.0+2021r2-patch5\xtensa-esp32-elf\include\c++\8.4.0\functional:61,
                 from C:/Users/Arnaud/.platformio/packages/framework-arduinoespressif32/cores/esp32/HardwareSerial.h:49,
                 from C:/Users/Arnaud/.platformio/packages/framework-arduinoespressif32/cores/esp32/Arduino.h:196,
                 from test/test_combus_loopback/test_combus_loopback.cpp:51:
c:\users\arnaud\.platformio\packages\toolchain-xtensa-esp32@8.4.0+2021r2-patch5\xtensa-esp32-elf\include\c++\8.4.0\optional:1060:7: note: candidate: 'std::optional<_Tp>& std::optional<_Tp>::operator=(std::nullopt_t) [with _Tp = ComBusFrameCfg]'
       operator=(nullopt_t) noexcept
       ^~~~~~~~
c:\users\arnaud\.platformio\packages\toolchain-xtensa-esp32@8.4.0+2021r2-patch5\xtensa-esp32-elf\include\c++\8.4.0\optional:1060:7: note:   no known conversion for argument 1 from 'std::nullptr_t' to 'std::nullopt_t'
c:\users\arnaud\.platformio\packages\toolchain-xtensa-esp32@8.4.0+2021r2-patch5\xtensa-esp32-elf\include\c++\8.4.0\optional:1074:9: note: candidate: 'template<class _Up> std::enable_if_t<std::__and_<std::__not_<std::is_same<std::optional<_Tp>, typename std::decay<_U1>::type> >, std::is_constructible<_Tp, _Up>, std::__not_<std::__and_<std::is_scalar<_Tp>, std::is_same<_Tp, typename std::decay<_U1>::type> > >, std::is_assignable<_Tp&, _Up> >::value, std::optional<_Tp>&> std::optional<_Tp>::operator=(_Up&&) [with _Up = _Up; _Tp = ComBusFrameCfg]'
         operator=(_Up&& __u)
         ^~~~~~~~
c:\users\arnaud\.platformio\packages\toolchain-xtensa-esp32@8.4.0+2021r2-patch5\xtensa-esp32-elf\include\c++\8.4.0\optional:1074:9: note:   template argument deduction/substitution failed:
c:\users\arnaud\.platformio\packages\toolchain-xtensa-esp32@8.4.0+2021r2-patch5\xtensa-esp32-elf\include\c++\8.4.0\optional:1093:9: note: candidate: 'template<class _Up> std::enable_if_t<std::__and_<std::__not_<std::is_same<_T1, _U1> >, std::is_constructible<_Tp, const _Up&>, std::is_assignable<_Tp&, _Up>, std::__not_<std::__or_<std::is_constructible<_Tp, const std::optional<_Up>&>, std::is_constructible<_Tp, std::optional<_Up>&>, std::is_constructible<_Tp, const std::optional<_Up>&&>, std::is_constructible<_Tp, std::optional<_Up>&&>, std::is_convertible<const std::optional<_Up>&, _Tp>, std::is_convertible<std::optional<_Up>&, _Tp>, std::is_convertible<const std::optional<_Up>&&, _Tp>, std::is_convertible<std::optional<_Up>&&, _Tp> > >, std::__not_<std::__or_<std::is_assignable<_Tp&, const std::optional<_Up>&>, std::is_assignable<_Tp&, std::optional<_Up>&>, std::is_assignable<_Tp&, const std::optional<_Up>&&>, std::is_assignable<_Tp&, std::optional<_Up>&&> > > >::value, std::optional<_Tp>&> std::optional<_Tp>::operator=(const std::optional<_Up>&) [with _Up = _Up; _Tp = ComBusFrameCfg]'
         operator=(const optional<_Up>& __u)
         ^~~~~~~~
c:\users\arnaud\.platformio\packages\toolchain-xtensa-esp32@8.4.0+2021r2-patch5\xtensa-esp32-elf\include\c++\8.4.0\optional:1093:9: note:   template argument deduction/substitution failed:
test/test_combus_loopback/test_combus_loopback.cpp:611:24: note:   mismatched types 'const std::optional<_Tp>' and 'std::nullptr_t'
     link.txCfg       = nullptr;
                        ^~~~~~~
In file included from c:\users\arnaud\.platformio\packages\toolchain-xtensa-esp32@8.4.0+2021r2-patch5\xtensa-esp32-elf\include\c++\8.4.0\bits\node_handle.h:39,
                 from c:\users\arnaud\.platformio\packages\toolchain-xtensa-esp32@8.4.0+2021r2-patch5\xtensa-esp32-elf\include\c++\8.4.0\bits\hashtable.h:37,
                 from c:\users\arnaud\.platformio\packages\toolchain-xtensa-esp32@8.4.0+2021r2-patch5\xtensa-esp32-elf\include\c++\8.4.0\unordered_map:46,
                 from c:\users\arnaud\.platformio\packages\toolchain-xtensa-esp32@8.4.0+2021r2-patch5\xtensa-esp32-elf\include\c++\8.4.0\functional:61,
                 from C:/Users/Arnaud/.platformio/packages/framework-arduinoespressif32/cores/esp32/HardwareSerial.h:49,
                 from C:/Users/Arnaud/.platformio/packages/framework-arduinoespressif32/cores/esp32/Arduino.h:196,
                 from test/test_combus_loopback/test_combus_loopback.cpp:51:
c:\users\arnaud\.platformio\packages\toolchain-xtensa-esp32@8.4.0+2021r2-patch5\xtensa-esp32-elf\include\c++\8.4.0\optional:1118:9: note: candidate: 'template<class _Up> std::enable_if_t<std::__and_<std::__not_<std::is_same<_T1, _U1> >, std::is_constructible<_Tp, _Up>, std::is_assignable<_Tp&, _Up>, std::__not_<std::__or_<std::is_constructible<_Tp, const std::optional<_Up>&>, std::is_constructible<_Tp, std::optional<_Up>&>, std::is_constructible<_Tp, const std::optional<_Up>&&>, std::is_constructible<_Tp, std::optional<_Up>&&>, std::is_convertible<const std::optional<_Up>&, _Tp>, std::is_convertible<std::optional<_Up>&, _Tp>, std::is_convertible<const std::optional<_Up>&&, _Tp>, std::is_convertible<std::optional<_Up>&&, _Tp> > >, std::__not_<std::__or_<std::is_assignable<_Tp&, const std::optional<_Up>&>, std::is_assignable<_Tp&, std::optional<_Up>&>, std::is_assignable<_Tp&, const std::optional<_Up>&&>, std::is_assignable<_Tp&, std::optional<_Up>&&> > > >::value, std::optional<_Tp>&> std::optional<_Tp>::operator=(std::optional<_Up>&&) [with _Up = _Up; _Tp = ComBusFrameCfg]'
         operator=(optional<_Up>&& __u)
         ^~~~~~~~
c:\users\arnaud\.platformio\packages\toolchain-xtensa-esp32@8.4.0+2021r2-patch5\xtensa-esp32-elf\include\c++\8.4.0\optional:1118:9: note:   template argument deduction/substitution failed:
test/test_combus_loopback/test_combus_loopback.cpp:611:24: note:   mismatched types 'std::optional<_Tp>' and 'std::nullptr_t'
     link.txCfg       = nullptr;
                        ^~~~~~~
In file included from c:\users\arnaud\.platformio\packages\toolchain-xtensa-esp32@8.4.0+2021r2-patch5\xtensa-esp32-elf\include\c++\8.4.0\bits\node_handle.h:39,
                 from c:\users\arnaud\.platformio\packages\toolchain-xtensa-esp32@8.4.0+2021r2-patch5\xtensa-esp32-elf\include\c++\8.4.0\bits\hashtable.h:37,
                 from c:\users\arnaud\.platformio\packages\toolchain-xtensa-esp32@8.4.0+2021r2-patch5\xtensa-esp32-elf\include\c++\8.4.0\unordered_map:46,
                 from c:\users\arnaud\.platformio\packages\toolchain-xtensa-esp32@8.4.0+2021r2-patch5\xtensa-esp32-elf\include\c++\8.4.0\functional:61,
                 from C:/Users/Arnaud/.platformio/packages/framework-arduinoespressif32/cores/esp32/HardwareSerial.h:49,
                 from C:/Users/Arnaud/.platformio/packages/framework-arduinoespressif32/cores/esp32/Arduino.h:196,
                 from test/test_combus_loopback/test_combus_loopback.cpp:51:
c:\users\arnaud\.platformio\packages\toolchain-xtensa-esp32@8.4.0+2021r2-patch5\xtensa-esp32-elf\include\c++\8.4.0\optional:943:11: note: candidate: 'constexpr std::optional<ComBusFrameCfg>& std::optional<ComBusFrameCfg>::operator=(const std::optional<ComBusFrameCfg>&)'
     class optional
           ^~~~~~~~
c:\users\arnaud\.platformio\packages\toolchain-xtensa-esp32@8.4.0+2021r2-patch5\xtensa-esp32-elf\include\c++\8.4.0\optional:943:11: note:   no known conversion for argument 1 from 'std::nullptr_t' to 'const std::optional<ComBusFrameCfg>&'
c:\users\arnaud\.platformio\packages\toolchain-xtensa-esp32@8.4.0+2021r2-patch5\xtensa-esp32-elf\include\c++\8.4.0\optional:943:11: note: candidate: 'constexpr std::optional<ComBusFrameCfg>& std::optional<ComBusFrameCfg>::operator=(std::optional<ComBusFrameCfg>&&)'
c:\users\arnaud\.platformio\packages\toolchain-xtensa-esp32@8.4.0+2021r2-patch5\xtensa-esp32-elf\include\c++\8.4.0\optional:943:11: note:   no known conversion for argument 1 from 'std::nullptr_t' to 'std::optional<ComBusFrameCfg>&&'
test/test_combus_loopback/test_combus_loopback.cpp:612:24: error: no match for 'operator=' (operand types are 'std::optional<ComBusFrameCfg>' and 'std::nullptr_t')
     link.rxCfg       = nullptr;
                        ^~~~~~~
In file included from c:\users\arnaud\.platformio\packages\toolchain-xtensa-esp32@8.4.0+2021r2-patch5\xtensa-esp32-elf\include\c++\8.4.0\bits\node_handle.h:39,
                 from c:\users\arnaud\.platformio\packages\toolchain-xtensa-esp32@8.4.0+2021r2-patch5\xtensa-esp32-elf\include\c++\8.4.0\bits\hashtable.h:37,
                 from c:\users\arnaud\.platformio\packages\toolchain-xtensa-esp32@8.4.0+2021r2-patch5\xtensa-esp32-elf\include\c++\8.4.0\unordered_map:46,
                 from c:\users\arnaud\.platformio\packages\toolchain-xtensa-esp32@8.4.0+2021r2-patch5\xtensa-esp32-elf\include\c++\8.4.0\functional:61,
                 from C:/Users/Arnaud/.platformio/packages/framework-arduinoespressif32/cores/esp32/HardwareSerial.h:49,
                 from C:/Users/Arnaud/.platformio/packages/framework-arduinoespressif32/cores/esp32/Arduino.h:196,
                 from test/test_combus_loopback/test_combus_loopback.cpp:51:
c:\users\arnaud\.platformio\packages\toolchain-xtensa-esp32@8.4.0+2021r2-patch5\xtensa-esp32-elf\include\c++\8.4.0\optional:1060:7: note: candidate: 'std::optional<_Tp>& std::optional<_Tp>::operator=(std::nullopt_t) [with _Tp = ComBusFrameCfg]'
       operator=(nullopt_t) noexcept
       ^~~~~~~~
c:\users\arnaud\.platformio\packages\toolchain-xtensa-esp32@8.4.0+2021r2-patch5\xtensa-esp32-elf\include\c++\8.4.0\optional:1060:7: note:   no known conversion for argument 1 from 'std::nullptr_t' to 'std::nullopt_t'
c:\users\arnaud\.platformio\packages\toolchain-xtensa-esp32@8.4.0+2021r2-patch5\xtensa-esp32-elf\include\c++\8.4.0\optional:1074:9: note: candidate: 'template<class _Up> std::enable_if_t<std::__and_<std::__not_<std::is_same<std::optional<_Tp>, typename std::decay<_U1>::type> >, std::is_constructible<_Tp, _Up>, std::__not_<std::__and_<std::is_scalar<_Tp>, std::is_same<_Tp, typename std::decay<_U1>::type> > >, std::is_assignable<_Tp&, _Up> >::value, std::optional<_Tp>&> std::optional<_Tp>::operator=(_Up&&) [with _Up = _Up; _Tp = ComBusFrameCfg]'
         operator=(_Up&& __u)
         ^~~~~~~~
c:\users\arnaud\.platformio\packages\toolchain-xtensa-esp32@8.4.0+2021r2-patch5\xtensa-esp32-elf\include\c++\8.4.0\optional:1074:9: note:   template argument deduction/substitution failed:
c:\users\arnaud\.platformio\packages\toolchain-xtensa-esp32@8.4.0+2021r2-patch5\xtensa-esp32-elf\include\c++\8.4.0\optional:1093:9: note: candidate: 'template<class _Up> std::enable_if_t<std::__and_<std::__not_<std::is_same<_T1, _U1> >, std::is_constructible<_Tp, const _Up&>, std::is_assignable<_Tp&, _Up>, std::__not_<std::__or_<std::is_constructible<_Tp, const std::optional<_Up>&>, std::is_constructible<_Tp, std::optional<_Up>&>, std::is_constructible<_Tp, const std::optional<_Up>&&>, std::is_constructible<_Tp, std::optional<_Up>&&>, std::is_convertible<const std::optional<_Up>&, _Tp>, std::is_convertible<std::optional<_Up>&, _Tp>, std::is_convertible<const std::optional<_Up>&&, _Tp>, std::is_convertible<std::optional<_Up>&&, _Tp> > >, std::__not_<std::__or_<std::is_assignable<_Tp&, const std::optional<_Up>&>, std::is_assignable<_Tp&, std::optional<_Up>&>, std::is_assignable<_Tp&, const std::optional<_Up>&&>, std::is_assignable<_Tp&, std::optional<_Up>&&> > > >::value, std::optional<_Tp>&> std::optional<_Tp>::operator=(const std::optional<_Up>&) [with _Up = _Up; _Tp = ComBusFrameCfg]'
         operator=(const optional<_Up>& __u)
         ^~~~~~~~
c:\users\arnaud\.platformio\packages\toolchain-xtensa-esp32@8.4.0+2021r2-patch5\xtensa-esp32-elf\include\c++\8.4.0\optional:1093:9: note:   template argument deduction/substitution failed:
test/test_combus_loopback/test_combus_loopback.cpp:612:24: note:   mismatched types 'const std::optional<_Tp>' and 'std::nullptr_t'
     link.rxCfg       = nullptr;
                        ^~~~~~~
In file included from c:\users\arnaud\.platformio\packages\toolchain-xtensa-esp32@8.4.0+2021r2-patch5\xtensa-esp32-elf\include\c++\8.4.0\bits\node_handle.h:39,
                 from c:\users\arnaud\.platformio\packages\toolchain-xtensa-esp32@8.4.0+2021r2-patch5\xtensa-esp32-elf\include\c++\8.4.0\bits\hashtable.h:37,
                 from c:\users\arnaud\.platformio\packages\toolchain-xtensa-esp32@8.4.0+2021r2-patch5\xtensa-esp32-elf\include\c++\8.4.0\unordered_map:46,
                 from c:\users\arnaud\.platformio\packages\toolchain-xtensa-esp32@8.4.0+2021r2-patch5\xtensa-esp32-elf\include\c++\8.4.0\functional:61,
                 from C:/Users/Arnaud/.platformio/packages/framework-arduinoespressif32/cores/esp32/HardwareSerial.h:49,
                 from C:/Users/Arnaud/.platformio/packages/framework-arduinoespressif32/cores/esp32/Arduino.h:196,
                 from test/test_combus_loopback/test_combus_loopback.cpp:51:
c:\users\arnaud\.platformio\packages\toolchain-xtensa-esp32@8.4.0+2021r2-patch5\xtensa-esp32-elf\include\c++\8.4.0\optional:1118:9: note: candidate: 'template<class _Up> std::enable_if_t<std::__and_<std::__not_<std::is_same<_T1, _U1> >, std::is_constructible<_Tp, _Up>, std::is_assignable<_Tp&, _Up>, std::__not_<std::__or_<std::is_constructible<_Tp, const std::optional<_Up>&>, std::is_constructible<_Tp, std::optional<_Up>&>, std::is_constructible<_Tp, const std::optional<_Up>&&>, std::is_constructible<_Tp, std::optional<_Up>&&>, std::is_convertible<const std::optional<_Up>&, _Tp>, std::is_convertible<std::optional<_Up>&, _Tp>, std::is_convertible<const std::optional<_Up>&&, _Tp>, std::is_convertible<std::optional<_Up>&&, _Tp> > >, std::__not_<std::__or_<std::is_assignable<_Tp&, const std::optional<_Up>&>, std::is_assignable<_Tp&, std::optional<_Up>&>, std::is_assignable<_Tp&, const std::optional<_Up>&&>, std::is_assignable<_Tp&, std::optional<_Up>&&> > > >::value, std::optional<_Tp>&> std::optional<_Tp>::operator=(std::optional<_Up>&&) [with _Up = _Up; _Tp = ComBusFrameCfg]'
         operator=(optional<_Up>&& __u)
         ^~~~~~~~
c:\users\arnaud\.platformio\packages\toolchain-xtensa-esp32@8.4.0+2021r2-patch5\xtensa-esp32-elf\include\c++\8.4.0\optional:1118:9: note:   template argument deduction/substitution failed:
test/test_combus_loopback/test_combus_loopback.cpp:612:24: note:   mismatched types 'std::optional<_Tp>' and 'std::nullptr_t'
     link.rxCfg       = nullptr;
                        ^~~~~~~
In file included from c:\users\arnaud\.platformio\packages\toolchain-xtensa-esp32@8.4.0+2021r2-patch5\xtensa-esp32-elf\include\c++\8.4.0\bits\node_handle.h:39,
                 from c:\users\arnaud\.platformio\packages\toolchain-xtensa-esp32@8.4.0+2021r2-patch5\xtensa-esp32-elf\include\c++\8.4.0\bits\hashtable.h:37,
                 from c:\users\arnaud\.platformio\packages\toolchain-xtensa-esp32@8.4.0+2021r2-patch5\xtensa-esp32-elf\include\c++\8.4.0\unordered_map:46,
                 from c:\users\arnaud\.platformio\packages\toolchain-xtensa-esp32@8.4.0+2021r2-patch5\xtensa-esp32-elf\include\c++\8.4.0\functional:61,
                 from C:/Users/Arnaud/.platformio/packages/framework-arduinoespressif32/cores/esp32/HardwareSerial.h:49,
                 from C:/Users/Arnaud/.platformio/packages/framework-arduinoespressif32/cores/esp32/Arduino.h:196,
                 from test/test_combus_loopback/test_combus_loopback.cpp:51:
c:\users\arnaud\.platformio\packages\toolchain-xtensa-esp32@8.4.0+2021r2-patch5\xtensa-esp32-elf\include\c++\8.4.0\optional:943:11: note: candidate: 'constexpr std::optional<ComBusFrameCfg>& std::optional<ComBusFrameCfg>::operator=(const std::optional<ComBusFrameCfg>&)'
     class optional
           ^~~~~~~~
c:\users\arnaud\.platformio\packages\toolchain-xtensa-esp32@8.4.0+2021r2-patch5\xtensa-esp32-elf\include\c++\8.4.0\optional:943:11: note:   no known conversion for argument 1 from 'std::nullptr_t' to 'const std::optional<ComBusFrameCfg>&'
c:\users\arnaud\.platformio\packages\toolchain-xtensa-esp32@8.4.0+2021r2-patch5\xtensa-esp32-elf\include\c++\8.4.0\optional:943:11: note: candidate: 'constexpr std::optional<ComBusFrameCfg>& std::optional<ComBusFrameCfg>::operator=(std::optional<ComBusFrameCfg>&&)'
c:\users\arnaud\.platformio\packages\toolchain-xtensa-esp32@8.4.0+2021r2-patch5\xtensa-esp32-elf\include\c++\8.4.0\optional:943:11: note:   no known conversion for argument 1 from 'std::nullptr_t' to 'std::optional<ComBusFrameCfg>&&'
test/test_combus_loopback/test_combus_loopback.cpp: In function 'void test_md5_resolution_system()':
test/test_combus_loopback/test_combus_loopback.cpp:630:24: error: no match for 'operator=' (operand types are 'std::optional<ComBusFrameCfg>' and 'std::nullptr_t')
     link.txCfg       = nullptr;
                        ^~~~~~~
In file included from c:\users\arnaud\.platformio\packages\toolchain-xtensa-esp32@8.4.0+2021r2-patch5\xtensa-esp32-elf\include\c++\8.4.0\bits\node_handle.h:39,
                 from c:\users\arnaud\.platformio\packages\toolchain-xtensa-esp32@8.4.0+2021r2-patch5\xtensa-esp32-elf\include\c++\8.4.0\bits\hashtable.h:37,
                 from c:\users\arnaud\.platformio\packages\toolchain-xtensa-esp32@8.4.0+2021r2-patch5\xtensa-esp32-elf\include\c++\8.4.0\unordered_map:46,
                 from c:\users\arnaud\.platformio\packages\toolchain-xtensa-esp32@8.4.0+2021r2-patch5\xtensa-esp32-elf\include\c++\8.4.0\functional:61,
                 from C:/Users/Arnaud/.platformio/packages/framework-arduinoespressif32/cores/esp32/HardwareSerial.h:49,
                 from C:/Users/Arnaud/.platformio/packages/framework-arduinoespressif32/cores/esp32/Arduino.h:196,
                 from test/test_combus_loopback/test_combus_loopback.cpp:51:
c:\users\arnaud\.platformio\packages\toolchain-xtensa-esp32@8.4.0+2021r2-patch5\xtensa-esp32-elf\include\c++\8.4.0\optional:1060:7: note: candidate: 'std::optional<_Tp>& std::optional<_Tp>::operator=(std::nullopt_t) [with _Tp = ComBusFrameCfg]'
       operator=(nullopt_t) noexcept
       ^~~~~~~~
c:\users\arnaud\.platformio\packages\toolchain-xtensa-esp32@8.4.0+2021r2-patch5\xtensa-esp32-elf\include\c++\8.4.0\optional:1060:7: note:   no known conversion for argument 1 from 'std::nullptr_t' to 'std::nullopt_t'
c:\users\arnaud\.platformio\packages\toolchain-xtensa-esp32@8.4.0+2021r2-patch5\xtensa-esp32-elf\include\c++\8.4.0\optional:1074:9: note: candidate: 'template<class _Up> std::enable_if_t<std::__and_<std::__not_<std::is_same<std::optional<_Tp>, typename std::decay<_U1>::type> >, std::is_constructible<_Tp, _Up>, std::__not_<std::__and_<std::is_scalar<_Tp>, std::is_same<_Tp, typename std::decay<_U1>::type> > >, std::is_assignable<_Tp&, _Up> >::value, std::optional<_Tp>&> std::optional<_Tp>::operator=(_Up&&) [with _Up = _Up; _Tp = ComBusFrameCfg]'
         operator=(_Up&& __u)
         ^~~~~~~~
c:\users\arnaud\.platformio\packages\toolchain-xtensa-esp32@8.4.0+2021r2-patch5\xtensa-esp32-elf\include\c++\8.4.0\optional:1074:9: note:   template argument deduction/substitution failed:
c:\users\arnaud\.platformio\packages\toolchain-xtensa-esp32@8.4.0+2021r2-patch5\xtensa-esp32-elf\include\c++\8.4.0\optional:1093:9: note: candidate: 'template<class _Up> std::enable_if_t<std::__and_<std::__not_<std::is_same<_T1, _U1> >, std::is_constructible<_Tp, const _Up&>, std::is_assignable<_Tp&, _Up>, std::__not_<std::__or_<std::is_constructible<_Tp, const std::optional<_Up>&>, std::is_constructible<_Tp, std::optional<_Up>&>, std::is_constructible<_Tp, const std::optional<_Up>&&>, std::is_constructible<_Tp, std::optional<_Up>&&>, std::is_convertible<const std::optional<_Up>&, _Tp>, std::is_convertible<std::optional<_Up>&, _Tp>, std::is_convertible<const std::optional<_Up>&&, _Tp>, std::is_convertible<std::optional<_Up>&&, _Tp> > >, std::__not_<std::__or_<std::is_assignable<_Tp&, const std::optional<_Up>&>, std::is_assignable<_Tp&, std::optional<_Up>&>, std::is_assignable<_Tp&, const std::optional<_Up>&&>, std::is_assignable<_Tp&, std::optional<_Up>&&> > > >::value, std::optional<_Tp>&> std::optional<_Tp>::operator=(const std::optional<_Up>&) [with _Up = _Up; _Tp = ComBusFrameCfg]'
         operator=(const optional<_Up>& __u)
         ^~~~~~~~
c:\users\arnaud\.platformio\packages\toolchain-xtensa-esp32@8.4.0+2021r2-patch5\xtensa-esp32-elf\include\c++\8.4.0\optional:1093:9: note:   template argument deduction/substitution failed:
test/test_combus_loopback/test_combus_loopback.cpp:630:24: note:   mismatched types 'const std::optional<_Tp>' and 'std::nullptr_t'
     link.txCfg       = nullptr;
                        ^~~~~~~
In file included from c:\users\arnaud\.platformio\packages\toolchain-xtensa-esp32@8.4.0+2021r2-patch5\xtensa-esp32-elf\include\c++\8.4.0\bits\node_handle.h:39,
                 from c:\users\arnaud\.platformio\packages\toolchain-xtensa-esp32@8.4.0+2021r2-patch5\xtensa-esp32-elf\include\c++\8.4.0\bits\hashtable.h:37,
                 from c:\users\arnaud\.platformio\packages\toolchain-xtensa-esp32@8.4.0+2021r2-patch5\xtensa-esp32-elf\include\c++\8.4.0\unordered_map:46,
                 from c:\users\arnaud\.platformio\packages\toolchain-xtensa-esp32@8.4.0+2021r2-patch5\xtensa-esp32-elf\include\c++\8.4.0\functional:61,
                 from C:/Users/Arnaud/.platformio/packages/framework-arduinoespressif32/cores/esp32/HardwareSerial.h:49,
                 from C:/Users/Arnaud/.platformio/packages/framework-arduinoespressif32/cores/esp32/Arduino.h:196,
                 from test/test_combus_loopback/test_combus_loopback.cpp:51:
c:\users\arnaud\.platformio\packages\toolchain-xtensa-esp32@8.4.0+2021r2-patch5\xtensa-esp32-elf\include\c++\8.4.0\optional:1118:9: note: candidate: 'template<class _Up> std::enable_if_t<std::__and_<std::__not_<std::is_same<_T1, _U1> >, std::is_constructible<_Tp, _Up>, std::is_assignable<_Tp&, _Up>, std::__not_<std::__or_<std::is_constructible<_Tp, const std::optional<_Up>&>, std::is_constructible<_Tp, std::optional<_Up>&>, std::is_constructible<_Tp, const std::optional<_Up>&&>, std::is_constructible<_Tp, std::optional<_Up>&&>, std::is_convertible<const std::optional<_Up>&, _Tp>, std::is_convertible<std::optional<_Up>&, _Tp>, std::is_convertible<const std::optional<_Up>&&, _Tp>, std::is_convertible<std::optional<_Up>&&, _Tp> > >, std::__not_<std::__or_<std::is_assignable<_Tp&, const std::optional<_Up>&>, std::is_assignable<_Tp&, std::optional<_Up>&>, std::is_assignable<_Tp&, const std::optional<_Up>&&>, std::is_assignable<_Tp&, std::optional<_Up>&&> > > >::value, std::optional<_Tp>&> std::optional<_Tp>::operator=(std::optional<_Up>&&) [with _Up = _Up; _Tp = ComBusFrameCfg]'
         operator=(optional<_Up>&& __u)
         ^~~~~~~~
c:\users\arnaud\.platformio\packages\toolchain-xtensa-esp32@8.4.0+2021r2-patch5\xtensa-esp32-elf\include\c++\8.4.0\optional:1118:9: note:   template argument deduction/substitution failed:
test/test_combus_loopback/test_combus_loopback.cpp:630:24: note:   mismatched types 'std::optional<_Tp>' and 'std::nullptr_t'
     link.txCfg       = nullptr;
                        ^~~~~~~
In file included from c:\users\arnaud\.platformio\packages\toolchain-xtensa-esp32@8.4.0+2021r2-patch5\xtensa-esp32-elf\include\c++\8.4.0\bits\node_handle.h:39,
                 from c:\users\arnaud\.platformio\packages\toolchain-xtensa-esp32@8.4.0+2021r2-patch5\xtensa-esp32-elf\include\c++\8.4.0\bits\hashtable.h:37,
                 from c:\users\arnaud\.platformio\packages\toolchain-xtensa-esp32@8.4.0+2021r2-patch5\xtensa-esp32-elf\include\c++\8.4.0\unordered_map:46,
                 from c:\users\arnaud\.platformio\packages\toolchain-xtensa-esp32@8.4.0+2021r2-patch5\xtensa-esp32-elf\include\c++\8.4.0\functional:61,
                 from C:/Users/Arnaud/.platformio/packages/framework-arduinoespressif32/cores/esp32/HardwareSerial.h:49,
                 from C:/Users/Arnaud/.platformio/packages/framework-arduinoespressif32/cores/esp32/Arduino.h:196,
                 from test/test_combus_loopback/test_combus_loopback.cpp:51:
c:\users\arnaud\.platformio\packages\toolchain-xtensa-esp32@8.4.0+2021r2-patch5\xtensa-esp32-elf\include\c++\8.4.0\optional:943:11: note: candidate: 'constexpr std::optional<ComBusFrameCfg>& std::optional<ComBusFrameCfg>::operator=(const std::optional<ComBusFrameCfg>&)'
     class optional
           ^~~~~~~~
c:\users\arnaud\.platformio\packages\toolchain-xtensa-esp32@8.4.0+2021r2-patch5\xtensa-esp32-elf\include\c++\8.4.0\optional:943:11: note:   no known conversion for argument 1 from 'std::nullptr_t' to 'const std::optional<ComBusFrameCfg>&'
c:\users\arnaud\.platformio\packages\toolchain-xtensa-esp32@8.4.0+2021r2-patch5\xtensa-esp32-elf\include\c++\8.4.0\optional:943:11: note: candidate: 'constexpr std::optional<ComBusFrameCfg>& std::optional<ComBusFrameCfg>::operator=(std::optional<ComBusFrameCfg>&&)'
c:\users\arnaud\.platformio\packages\toolchain-xtensa-esp32@8.4.0+2021r2-patch5\xtensa-esp32-elf\include\c++\8.4.0\optional:943:11: note:   no known conversion for argument 1 from 'std::nullptr_t' to 'std::optional<ComBusFrameCfg>&&'
test/test_combus_loopback/test_combus_loopback.cpp:631:24: error: no match for 'operator=' (operand types are 'std::optional<ComBusFrameCfg>' and 'std::nullptr_t')
     link.rxCfg       = nullptr;
                        ^~~~~~~
In file included from c:\users\arnaud\.platformio\packages\toolchain-xtensa-esp32@8.4.0+2021r2-patch5\xtensa-esp32-elf\include\c++\8.4.0\bits\node_handle.h:39,
                 from c:\users\arnaud\.platformio\packages\toolchain-xtensa-esp32@8.4.0+2021r2-patch5\xtensa-esp32-elf\include\c++\8.4.0\bits\hashtable.h:37,
                 from c:\users\arnaud\.platformio\packages\toolchain-xtensa-esp32@8.4.0+2021r2-patch5\xtensa-esp32-elf\include\c++\8.4.0\unordered_map:46,
                 from c:\users\arnaud\.platformio\packages\toolchain-xtensa-esp32@8.4.0+2021r2-patch5\xtensa-esp32-elf\include\c++\8.4.0\functional:61,
                 from C:/Users/Arnaud/.platformio/packages/framework-arduinoespressif32/cores/esp32/HardwareSerial.h:49,
                 from C:/Users/Arnaud/.platformio/packages/framework-arduinoespressif32/cores/esp32/Arduino.h:196,
                 from test/test_combus_loopback/test_combus_loopback.cpp:51:
c:\users\arnaud\.platformio\packages\toolchain-xtensa-esp32@8.4.0+2021r2-patch5\xtensa-esp32-elf\include\c++\8.4.0\optional:1060:7: note: candidate: 'std::optional<_Tp>& std::optional<_Tp>::operator=(std::nullopt_t) [with _Tp = ComBusFrameCfg]'
       operator=(nullopt_t) noexcept
       ^~~~~~~~
c:\users\arnaud\.platformio\packages\toolchain-xtensa-esp32@8.4.0+2021r2-patch5\xtensa-esp32-elf\include\c++\8.4.0\optional:1060:7: note:   no known conversion for argument 1 from 'std::nullptr_t' to 'std::nullopt_t'
c:\users\arnaud\.platformio\packages\toolchain-xtensa-esp32@8.4.0+2021r2-patch5\xtensa-esp32-elf\include\c++\8.4.0\optional:1074:9: note: candidate: 'template<class _Up> std::enable_if_t<std::__and_<std::__not_<std::is_same<std::optional<_Tp>, typename std::decay<_U1>::type> >, std::is_constructible<_Tp, _Up>, std::__not_<std::__and_<std::is_scalar<_Tp>, std::is_same<_Tp, typename std::decay<_U1>::type> > >, std::is_assignable<_Tp&, _Up> >::value, std::optional<_Tp>&> std::optional<_Tp>::operator=(_Up&&) [with _Up = _Up; _Tp = ComBusFrameCfg]'
         operator=(_Up&& __u)
         ^~~~~~~~
c:\users\arnaud\.platformio\packages\toolchain-xtensa-esp32@8.4.0+2021r2-patch5\xtensa-esp32-elf\include\c++\8.4.0\optional:1074:9: note:   template argument deduction/substitution failed:
c:\users\arnaud\.platformio\packages\toolchain-xtensa-esp32@8.4.0+2021r2-patch5\xtensa-esp32-elf\include\c++\8.4.0\optional:1093:9: note: candidate: 'template<class _Up> std::enable_if_t<std::__and_<std::__not_<std::is_same<_T1, _U1> >, std::is_constructible<_Tp, const _Up&>, std::is_assignable<_Tp&, _Up>, std::__not_<std::__or_<std::is_constructible<_Tp, const std::optional<_Up>&>, std::is_constructible<_Tp, std::optional<_Up>&>, std::is_constructible<_Tp, const std::optional<_Up>&&>, std::is_constructible<_Tp, std::optional<_Up>&&>, std::is_convertible<const std::optional<_Up>&, _Tp>, std::is_convertible<std::optional<_Up>&, _Tp>, std::is_convertible<const std::optional<_Up>&&, _Tp>, std::is_convertible<std::optional<_Up>&&, _Tp> > >, std::__not_<std::__or_<std::is_assignable<_Tp&, const std::optional<_Up>&>, std::is_assignable<_Tp&, std::optional<_Up>&>, std::is_assignable<_Tp&, const std::optional<_Up>&&>, std::is_assignable<_Tp&, std::optional<_Up>&&> > > >::value, std::optional<_Tp>&> std::optional<_Tp>::operator=(const std::optional<_Up>&) [with _Up = _Up; _Tp = ComBusFrameCfg]'
         operator=(const optional<_Up>& __u)
         ^~~~~~~~
c:\users\arnaud\.platformio\packages\toolchain-xtensa-esp32@8.4.0+2021r2-patch5\xtensa-esp32-elf\include\c++\8.4.0\optional:1093:9: note:   template argument deduction/substitution failed:
test/test_combus_loopback/test_combus_loopback.cpp:631:24: note:   mismatched types 'const std::optional<_Tp>' and 'std::nullptr_t'
     link.rxCfg       = nullptr;
                        ^~~~~~~
In file included from c:\users\arnaud\.platformio\packages\toolchain-xtensa-esp32@8.4.0+2021r2-patch5\xtensa-esp32-elf\include\c++\8.4.0\bits\node_handle.h:39,
                 from c:\users\arnaud\.platformio\packages\toolchain-xtensa-esp32@8.4.0+2021r2-patch5\xtensa-esp32-elf\include\c++\8.4.0\bits\hashtable.h:37,
                 from c:\users\arnaud\.platformio\packages\toolchain-xtensa-esp32@8.4.0+2021r2-patch5\xtensa-esp32-elf\include\c++\8.4.0\unordered_map:46,
                 from c:\users\arnaud\.platformio\packages\toolchain-xtensa-esp32@8.4.0+2021r2-patch5\xtensa-esp32-elf\include\c++\8.4.0\functional:61,
                 from C:/Users/Arnaud/.platformio/packages/framework-arduinoespressif32/cores/esp32/HardwareSerial.h:49,
                 from C:/Users/Arnaud/.platformio/packages/framework-arduinoespressif32/cores/esp32/Arduino.h:196,
                 from test/test_combus_loopback/test_combus_loopback.cpp:51:
c:\users\arnaud\.platformio\packages\toolchain-xtensa-esp32@8.4.0+2021r2-patch5\xtensa-esp32-elf\include\c++\8.4.0\optional:1118:9: note: candidate: 'template<class _Up> std::enable_if_t<std::__and_<std::__not_<std::is_same<_T1, _U1> >, std::is_constructible<_Tp, _Up>, std::is_assignable<_Tp&, _Up>, std::__not_<std::__or_<std::is_constructible<_Tp, const std::optional<_Up>&>, std::is_constructible<_Tp, std::optional<_Up>&>, std::is_constructible<_Tp, const std::optional<_Up>&&>, std::is_constructible<_Tp, std::optional<_Up>&&>, std::is_convertible<const std::optional<_Up>&, _Tp>, std::is_convertible<std::optional<_Up>&, _Tp>, std::is_convertible<const std::optional<_Up>&&, _Tp>, std::is_convertible<std::optional<_Up>&&, _Tp> > >, std::__not_<std::__or_<std::is_assignable<_Tp&, const std::optional<_Up>&>, std::is_assignable<_Tp&, std::optional<_Up>&>, std::is_assignable<_Tp&, const std::optional<_Up>&&>, std::is_assignable<_Tp&, std::optional<_Up>&&> > > >::value, std::optional<_Tp>&> std::optional<_Tp>::operator=(std::optional<_Up>&&) [with _Up = _Up; _Tp = ComBusFrameCfg]'
         operator=(optional<_Up>&& __u)
         ^~~~~~~~
c:\users\arnaud\.platformio\packages\toolchain-xtensa-esp32@8.4.0+2021r2-patch5\xtensa-esp32-elf\include\c++\8.4.0\optional:1118:9: note:   template argument deduction/substitution failed:
test/test_combus_loopback/test_combus_loopback.cpp:631:24: note:   mismatched types 'std::optional<_Tp>' and 'std::nullptr_t'
     link.rxCfg       = nullptr;
                        ^~~~~~~
In file included from c:\users\arnaud\.platformio\packages\toolchain-xtensa-esp32@8.4.0+2021r2-patch5\xtensa-esp32-elf\include\c++\8.4.0\bits\node_handle.h:39,
                 from c:\users\arnaud\.platformio\packages\toolchain-xtensa-esp32@8.4.0+2021r2-patch5\xtensa-esp32-elf\include\c++\8.4.0\bits\hashtable.h:37,
                 from c:\users\arnaud\.platformio\packages\toolchain-xtensa-esp32@8.4.0+2021r2-patch5\xtensa-esp32-elf\include\c++\8.4.0\unordered_map:46,
                 from c:\users\arnaud\.platformio\packages\toolchain-xtensa-esp32@8.4.0+2021r2-patch5\xtensa-esp32-elf\include\c++\8.4.0\functional:61,
                 from C:/Users/Arnaud/.platformio/packages/framework-arduinoespressif32/cores/esp32/HardwareSerial.h:49,
                 from C:/Users/Arnaud/.platformio/packages/framework-arduinoespressif32/cores/esp32/Arduino.h:196,
                 from test/test_combus_loopback/test_combus_loopback.cpp:51:
c:\users\arnaud\.platformio\packages\toolchain-xtensa-esp32@8.4.0+2021r2-patch5\xtensa-esp32-elf\include\c++\8.4.0\optional:943:11: note: candidate: 'constexpr std::optional<ComBusFrameCfg>& std::optional<ComBusFrameCfg>::operator=(const std::optional<ComBusFrameCfg>&)'
     class optional
           ^~~~~~~~
c:\users\arnaud\.platformio\packages\toolchain-xtensa-esp32@8.4.0+2021r2-patch5\xtensa-esp32-elf\include\c++\8.4.0\optional:943:11: note:   no known conversion for argument 1 from 'std::nullptr_t' to 'const std::optional<ComBusFrameCfg>&'
c:\users\arnaud\.platformio\packages\toolchain-xtensa-esp32@8.4.0+2021r2-patch5\xtensa-esp32-elf\include\c++\8.4.0\optional:943:11: note: candidate: 'constexpr std::optional<ComBusFrameCfg>& std::optional<ComBusFrameCfg>::operator=(std::optional<ComBusFrameCfg>&&)'
c:\users\arnaud\.platformio\packages\toolchain-xtensa-esp32@8.4.0+2021r2-patch5\xtensa-esp32-elf\include\c++\8.4.0\optional:943:11: note:   no known conversion for argument 1 from 'std::nullptr_t' to 'std::optional<ComBusFrameCfg>&&'
test/test_combus_loopback/test_combus_loopback.cpp: In function 'void test_md5_compare_match_with_correct_local()':
test/test_combus_loopback/test_combus_loopback.cpp:734:18: error: 'combus_handshake_compareAndLog' was not declared in this scope
     bool match = combus_handshake_compareAndLog(
                  ^~~~~~~~~~~~~~~~~~~~~~~~~~~~~~
test/test_combus_loopback/test_combus_loopback.cpp:734:18: note: suggested alternative: 'combus_handshake_internal'
     bool match = combus_handshake_compareAndLog(
                  ^~~~~~~~~~~~~~~~~~~~~~~~~~~~~~
                  combus_handshake_internal
*** [C:\Users\Arnaud\AppData\Local\Temp\PlatformIO\build\Open_Node_RC_Core\test_combus_loopback\test\test_combus_loopback\test_combus_loopback.cpp.o] Error 1
Building stage has failed, see errors above. Use `pio test -vvv` option to enable verbose output.
---- test_combus_loopback:test_combus_loopback [ERRORED] Took 19.68 seconds ----

=================================== SUMMARY ===================================
Environment           Test                  Status    Duration
--------------------  --------------------  --------  ------------
test_combus_loopback  test_combus_loopback  ERRORED   00:00:19.680
================== 1 test cases: 0 succeeded in 00:00:19.680 ==================
